
Optional file libmchp_peripheral.a not found

Optional file libmchp_peripheral_32MX250F128B.a not found
Archive member included to satisfy reference by file (symbol)

/Applications/microchip/xc32/v4.00/bin/bin/../../lib/gcc/pic32mx/8.3.1/../../../../pic32mx/lib/libpic32.a(default-on-reset.o)
                              /var/folders/25/0yt_x61x4ds8fncmf4973fpw0000gn/T//ccKYsYAC.o (_on_reset)
/Applications/microchip/xc32/v4.00/bin/bin/../../lib/gcc/pic32mx/8.3.1/../../../../pic32mx/lib/libpic32.a(default-on-bootstrap.o)
                              /var/folders/25/0yt_x61x4ds8fncmf4973fpw0000gn/T//ccKYsYAC.o (_on_bootstrap)
/Applications/microchip/xc32/v4.00/bin/bin/../../lib/gcc/pic32mx/8.3.1/../../../../pic32mx/lib/libpic32.a(default-nmi-handler.o)
                              /var/folders/25/0yt_x61x4ds8fncmf4973fpw0000gn/T//ccKYsYAC.o (_nmi_handler)
/Applications/microchip/xc32/v4.00/bin/bin/../../lib/gcc/pic32mx/8.3.1/../../../../pic32mx/lib/libpic32.a(pic32_data_init.o)
                              /var/folders/25/0yt_x61x4ds8fncmf4973fpw0000gn/T//ccKYsYAC.o (__pic32_data_init)
/Applications/microchip/xc32/v4.00/bin/bin/../../lib/gcc/pic32mx/8.3.1/../../../../pic32mx/lib/libpic32.a(general-exception.o)
                              /var/folders/25/0yt_x61x4ds8fncmf4973fpw0000gn/T//ccKYsYAC.o (_general_exception_context)
/Applications/microchip/xc32/v4.00/bin/bin/../../lib/gcc/pic32mx/8.3.1/../../../../pic32mx/lib/libpic32.a(vector0.o)
                              /var/folders/25/0yt_x61x4ds8fncmf4973fpw0000gn/T//cc8AgyWv.o (__vector_dispatch_0)
/Applications/microchip/xc32/v4.00/bin/bin/../../lib/gcc/pic32mx/8.3.1/../../../../pic32mx/lib/libpic32.a(vector1.o)
                              /var/folders/25/0yt_x61x4ds8fncmf4973fpw0000gn/T//cc8AgyWv.o (__vector_dispatch_1)
/Applications/microchip/xc32/v4.00/bin/bin/../../lib/gcc/pic32mx/8.3.1/../../../../pic32mx/lib/libpic32.a(vector2.o)
                              /var/folders/25/0yt_x61x4ds8fncmf4973fpw0000gn/T//cc8AgyWv.o (__vector_dispatch_2)
/Applications/microchip/xc32/v4.00/bin/bin/../../lib/gcc/pic32mx/8.3.1/../../../../pic32mx/lib/libpic32.a(vector3.o)
                              /var/folders/25/0yt_x61x4ds8fncmf4973fpw0000gn/T//cc8AgyWv.o (__vector_dispatch_3)
/Applications/microchip/xc32/v4.00/bin/bin/../../lib/gcc/pic32mx/8.3.1/../../../../pic32mx/lib/libpic32.a(vector4.o)
                              /var/folders/25/0yt_x61x4ds8fncmf4973fpw0000gn/T//cc8AgyWv.o (__vector_dispatch_4)
/Applications/microchip/xc32/v4.00/bin/bin/../../lib/gcc/pic32mx/8.3.1/../../../../pic32mx/lib/libpic32.a(vector5.o)
                              /var/folders/25/0yt_x61x4ds8fncmf4973fpw0000gn/T//cc8AgyWv.o (__vector_dispatch_5)
/Applications/microchip/xc32/v4.00/bin/bin/../../lib/gcc/pic32mx/8.3.1/../../../../pic32mx/lib/libpic32.a(vector6.o)
                              /var/folders/25/0yt_x61x4ds8fncmf4973fpw0000gn/T//cc8AgyWv.o (__vector_dispatch_6)
/Applications/microchip/xc32/v4.00/bin/bin/../../lib/gcc/pic32mx/8.3.1/../../../../pic32mx/lib/libpic32.a(vector7.o)
                              /var/folders/25/0yt_x61x4ds8fncmf4973fpw0000gn/T//cc8AgyWv.o (__vector_dispatch_7)
/Applications/microchip/xc32/v4.00/bin/bin/../../lib/gcc/pic32mx/8.3.1/../../../../pic32mx/lib/libpic32.a(vector8.o)
                              /var/folders/25/0yt_x61x4ds8fncmf4973fpw0000gn/T//cc8AgyWv.o (__vector_dispatch_8)
/Applications/microchip/xc32/v4.00/bin/bin/../../lib/gcc/pic32mx/8.3.1/../../../../pic32mx/lib/libpic32.a(vector9.o)
                              /var/folders/25/0yt_x61x4ds8fncmf4973fpw0000gn/T//cc8AgyWv.o (__vector_dispatch_9)
/Applications/microchip/xc32/v4.00/bin/bin/../../lib/gcc/pic32mx/8.3.1/../../../../pic32mx/lib/libpic32.a(vector10.o)
                              /var/folders/25/0yt_x61x4ds8fncmf4973fpw0000gn/T//cc8AgyWv.o (__vector_dispatch_10)
/Applications/microchip/xc32/v4.00/bin/bin/../../lib/gcc/pic32mx/8.3.1/../../../../pic32mx/lib/libpic32.a(vector11.o)
                              /var/folders/25/0yt_x61x4ds8fncmf4973fpw0000gn/T//cc8AgyWv.o (__vector_dispatch_11)
/Applications/microchip/xc32/v4.00/bin/bin/../../lib/gcc/pic32mx/8.3.1/../../../../pic32mx/lib/libpic32.a(vector13.o)
                              /var/folders/25/0yt_x61x4ds8fncmf4973fpw0000gn/T//cc8AgyWv.o (__vector_dispatch_13)
/Applications/microchip/xc32/v4.00/bin/bin/../../lib/gcc/pic32mx/8.3.1/../../../../pic32mx/lib/libpic32.a(vector14.o)
                              /var/folders/25/0yt_x61x4ds8fncmf4973fpw0000gn/T//cc8AgyWv.o (__vector_dispatch_14)
/Applications/microchip/xc32/v4.00/bin/bin/../../lib/gcc/pic32mx/8.3.1/../../../../pic32mx/lib/libpic32.a(vector15.o)
                              /var/folders/25/0yt_x61x4ds8fncmf4973fpw0000gn/T//cc8AgyWv.o (__vector_dispatch_15)
/Applications/microchip/xc32/v4.00/bin/bin/../../lib/gcc/pic32mx/8.3.1/../../../../pic32mx/lib/libpic32.a(vector16.o)
[...]
Memory Configuration

Name             Origin             Length             Attributes
kseg0_program_mem 0x000000009d000000 0x000000000001f000 xr
exception_mem    0x000000009d01f000 0x0000000000001000
debug_exec_mem   0x000000009fc00490 0x0000000000000760
kseg0_boot_mem   0x000000009fc00490 0x0000000000000000
kseg1_boot_mem   0x00000000bfc00000 0x0000000000000490
config3          0x00000000bfc00bf0 0x0000000000000004
config2          0x00000000bfc00bf4 0x0000000000000004
config1          0x00000000bfc00bf8 0x0000000000000004
config0          0x00000000bfc00bfc 0x0000000000000004
kseg1_data_mem   0x00000000a0000000 0x0000000000008000 w !x
sfrs             0x00000000bf800000 0x0000000000100000
configsfrs       0x00000000bfc00bf0 0x0000000000000010
*default*        0x0000000000000000 0xffffffffffffffff

Linker script and memory map

LOAD /Applications/microchip/xc32/v4.00/bin/bin/../../lib/gcc/pic32mx/8.3.1/../../../../pic32mx/lib/debug-exception-return.o
LOAD build/default/production/_ext/60165520/plib_clk.o
LOAD build/default/production/_ext/1249264884/plib_coretimer.o
LOAD build/default/production/_ext/1865200349/plib_evic.o
LOAD build/default/production/_ext/1865254177/plib_gpio.o
LOAD build/default/production/_ext/1865480137/plib_ocmp1.o
LOAD build/default/production/_ext/1865480137/plib_ocmp2.o
LOAD build/default/production/_ext/60181895/plib_tmr2.o
LOAD build/default/production/_ext/60181895/plib_tmr3.o
LOAD build/default/production/_ext/1865657120/plib_uart1.o
LOAD build/default/production/_ext/163028504/xc32_monitor.o
LOAD build/default/production/_ext/1881668453/sys_int.o
LOAD build/default/production/_ext/1171490990/interrupts.o
LOAD build/default/production/_ext/1171490990/exceptions.o
LOAD build/default/production/_ext/1171490990/initialization.o
LOAD build/default/production/_ext/1171490990/tasks.o
LOAD build/default/production/_ext/1360937237/main.o
LOAD build/default/production/_ext/1360937237/app.o
                0x0000000000000001                __MPLAB_BUILD = 0x1
                0x0000000000000400                PROVIDE (_min_stack_size = 0x400)
START GROUP
LOAD libmchp_peripheral.a
END GROUP
START GROUP
LOAD libmchp_peripheral_32MX250F128B.a
END GROUP
                0x0000000000000001                PROVIDE (_vector_spacing = 0x1)
                0x000000009d01f000                PROVIDE (_ebase_address = 0x9d01f000)
                0x00000000bfc00000                _RESET_ADDR = 0xbfc00000
                0x00000000bfc00380                _BEV_EXCPT_ADDR = 0xbfc00380
                0x00000000bfc00480                _DBG_EXCPT_ADDR = 0xbfc00480
                0x000000009fc00490                _DBG_CODE_ADDR = 0x9fc00490
                0x0000000000000760                _DBG_CODE_SIZE = 0x760
                0x000000009d01f180                _GEN_EXCPT_ADDR = (_ebase_address + 0x180)

.config_BFC00BF0
 *(.config_BFC00BF0)

.config_BFC00BF4
 *(.config_BFC00BF4)

.config_BFC00BF8
 *(.config_BFC00BF8)

.config_BFC00BFC
 *(.config_BFC00BFC)

.reset          0x00000000bfc00000      0x178
 *(.reset)
 .reset         0x00000000bfc00000        0x8 /var/folders/25/0yt_x61x4ds8fncmf4973fpw0000gn/T//ccKYsYAC.o
                0x00000000bfc00000                _reset
 *(.reset.startup)
 .reset.startup
                0x00000000bfc00008      0x170 /var/folders/25/0yt_x61x4ds8fncmf4973fpw0000gn/T//ccKYsYAC.o
                0x00000000bfc00008                _startup

.bev_excpt      0x00000000bfc00380       0x10
 *(.bev_handler)
 .bev_handler   0x00000000bfc00380       0x10 /var/folders/25/0yt_x61x4ds8fncmf4973fpw0000gn/T//ccKYsYAC.o

.dbg_excpt      0x00000000bfc00480        0x0
                0x00000000bfc00480                . = (. + DEFINED (_DEBUGGER)?0x8:0x0)

.dbg_code       0x000000009fc00490        0x0
                0x000000009fc00490                . = (. + DEFINED (_DEBUGGER)?_DBG_CODE_SIZE:0x0)

.app_excpt      0x000000009d01f180       0x10
 *(.gen_handler)
 .gen_handler   0x000000009d01f180       0x10 /var/folders/25/0yt_x61x4ds8fncmf4973fpw0000gn/T//ccKYsYAC.o

.vector_0       0x000000009d01f200        0x8
 *(.vector_0)
 .vector_0      0x000000009d01f200        0x8 /Applications/microchip/xc32/v4.00/bin/bin/../../lib/gcc/pic32mx/8.3.1/../../../../pic32mx/lib/libpic32.a(vector0.o)
                0x000000009d01f200                __vector_dispatch_0
                0x0000000000000001                ASSERT (((_vector_spacing == 0x0) || (SIZEOF (.vector_0) <= (_vector_spacing << 0x5))), function at exception vector 0 too large)

.vector_1       0x000000009d01f220        0x8
 *(.vector_1)
 .vector_1      0x000000009d01f220        0x8 /Applications/microchip/xc32/v4.00/bin/bin/../../lib/gcc/pic32mx/8.3.1/../../../../pic32mx/lib/libpic32.a(vector1.o)
                0x000000009d01f220                __vector_dispatch_1
                0x0000000000000001                ASSERT (((_vector_spacing == 0x0) || (SIZEOF (.vector_1) <= (_vector_spacing << 0x5))), function at exception vector 1 too large)

.vector_2       0x000000009d01f240        0x8
 *(.vector_2)
 .vector_2      0x000000009d01f240        0x8 /Applications/microchip/xc32/v4.00/bin/bin/../../lib/gcc/pic32mx/8.3.1/../../../../pic32mx/lib/libpic32.a(vector2.o)
                0x000000009d01f240                __vector_dispatch_2
                0x0000000000000001                ASSERT (((_vector_spacing == 0x0) || (SIZEOF (.vector_2) <= (_vector_spacing << 0x5))), function at exception vector 2 too large)

.vector_3       0x000000009d01f260        0x8
 *(.vector_3)
 .vector_3      0x000000009d01f260        0x8 /Applications/microchip/xc32/v4.00/bin/bin/../../lib/gcc/pic32mx/8.3.1/../../../../pic32mx/lib/libpic32.a(vector3.o)
                0x000000009d01f260                __vector_dispatch_3
                0x0000000000000001                ASSERT (((_vector_spacing == 0x0) || (SIZEOF (.vector_3) <= (_vector_spacing << 0x5))), function at exception vector 3 too large)

.vector_4       0x000000009d01f280        0x8
 *(.vector_4)
 .vector_4      0x000000009d01f280        0x8 /Applications/microchip/xc32/v4.00/bin/bin/../../lib/gcc/pic32mx/8.3.1/../../../../pic32mx/lib/libpic32.a(vector4.o)
                0x000000009d01f280                __vector_dispatch_4
                0x0000000000000001                ASSERT (((_vector_spacing == 0x0) || (SIZEOF (.vector_4) <= (_vector_spacing << 0x5))), function at exception vector 4 too large)

.vector_5       0x000000009d01f2a0        0x8
 *(.vector_5)
 .vector_5      0x000000009d01f2a0        0x8 /Applications/microchip/xc32/v4.00/bin/bin/../../lib/gcc/pic32mx/8.3.1/../../../../pic32mx/lib/libpic32.a(vector5.o)
                0x000000009d01f2a0                __vector_dispatch_5
                0x0000000000000001                ASSERT (((_vector_spacing == 0x0) || (SIZEOF (.vector_5) <= (_vector_spacing << 0x5))), function at exception vector 5 too large)

.vector_6       0x000000009d01f2c0        0x8
 *(.vector_6)
 .vector_6      0x000000009d01f2c0        0x8 /Applications/microchip/xc32/v4.00/bin/bin/../../lib/gcc/pic32mx/8.3.1/../../../../pic32mx/lib/libpic32.a(vector6.o)
                0x000000009d01f2c0                __vector_dispatch_6
                0x0000000000000001                ASSERT (((_vector_spacing == 0x0) || (SIZEOF (.vector_6) <= (_vector_spacing << 0x5))), function at exception vector 6 too large)

.vector_7       0x000000009d01f2e0        0x8
 *(.vector_7)
 .vector_7      0x000000009d01f2e0        0x8 /Applications/microchip/xc32/v4.00/bin/bin/../../lib/gcc/pic32mx/8.3.1/../../../../pic32mx/lib/libpic32.a(vector7.o)
                0x000000009d01f2e0                __vector_dispatch_7
                0x0000000000000001                ASSERT (((_vector_spacing == 0x0) || (SIZEOF (.vector_7) <= (_vector_spacing << 0x5))), function at exception vector 7 too large)

.vector_8       0x000000009d01f300        0x8
 *(.vector_8)
 .vector_8      0x000000009d01f300        0x8 /Applications/microchip/xc32/v4.00/bin/bin/../../lib/gcc/pic32mx/8.3.1/../../../../pic32mx/lib/libpic32.a(vector8.o)
                0x000000009d01f300                __vector_dispatch_8
                0x0000000000000001                ASSERT (((_vector_spacing == 0x0) || (SIZEOF (.vector_8) <= (_vector_spacing << 0x5))), function at exception vector 8 too large)

.vector_9       0x000000009d01f320        0x8
 *(.vector_9)
 .vector_9      0x000000009d01f320        0x8 /Applications/microchip/xc32/v4.00/bin/bin/../../lib/gcc/pic32mx/8.3.1/../../../../pic32mx/lib/libpic32.a(vector9.o)
                0x000000009d01f320                __vector_dispatch_9
                0x0000000000000001                ASSERT (((_vector_spacing == 0x0) || (SIZEOF (.vector_9) <= (_vector_spacing << 0x5))), function at exception vector 9 too large)

.vector_10      0x000000009d01f340        0x8
 *(.vector_10)
 .vector_10     0x000000009d01f340        0x8 /Applications/microchip/xc32/v4.00/bin/bin/../../lib/gcc/pic32mx/8.3.1/../../../../pic32mx/lib/libpic32.a(vector10.o)
                0x000000009d01f340                __vector_dispatch_10
                0x0000000000000001                ASSERT (((_vector_spacing == 0x0) || (SIZEOF (.vector_10) <= (_vector_spacing << 0x5))), function at exception vector 10 too large)

.vector_11      0x000000009d01f360        0x8
 *(.vector_11)
 .vector_11     0x000000009d01f360        0x8 /Applications/microchip/xc32/v4.00/bin/bin/../../lib/gcc/pic32mx/8.3.1/../../../../pic32mx/lib/libpic32.a(vector11.o)
                0x000000009d01f360                __vector_dispatch_11
                0x0000000000000001                ASSERT (((_vector_spacing == 0x0) || (SIZEOF (.vector_11) <= (_vector_spacing << 0x5))), function at exception vector 11 too large)

.vector_12      0x000000009d01f380        0x8
 *(.vector_12)
 .vector_12     0x000000009d01f380        0x8 build/default/production/_ext/1171490990/interrupts.o
                0x000000009d01f380                __vector_dispatch_12
                0x0000000000000001                ASSERT (((_vector_spacing == 0x0) || (SIZEOF (.vector_12) <= (_vector_spacing << 0x5))), function at exception vector 12 too large)

.vector_13      0x000000009d01f3a0        0x8
 *(.vector_13)
 .vector_13     0x000000009d01f3a0        0x8 /Applications/microchip/xc32/v4.00/bin/bin/../../lib/gcc/pic32mx/8.3.1/../../../../pic32mx/lib/libpic32.a(vector13.o)
                0x000000009d01f3a0                __vector_dispatch_13
                0x0000000000000001                ASSERT (((_vector_spacing == 0x0) || (SIZEOF (.vector_13) <= (_vector_spacing << 0x5))), function at exception vector 13 too large)

.vector_14      0x000000009d01f3c0        0x8
 *(.vector_14)
 .vector_14     0x000000009d01f3c0        0x8 /Applications/microchip/xc32/v4.00/bin/bin/../../lib/gcc/pic32mx/8.3.1/../../../../pic32mx/lib/libpic32.a(vector14.o)
                0x000000009d01f3c0                __vector_dispatch_14
                0x0000000000000001                ASSERT (((_vector_spacing == 0x0) || (SIZEOF (.vector_14) <= (_vector_spacing << 0x5))), function at exception vector 14 too large)

.vector_15      0x000000009d01f3e0        0x8
 *(.vector_15)
 .vector_15     0x000000009d01f3e0        0x8 /Applications/microchip/xc32/v4.00/bin/bin/../../lib/gcc/pic32mx/8.3.1/../../../../pic32mx/lib/libpic32.a(vector15.o)
                0x000000009d01f3e0                __vector_dispatch_15
                0x0000000000000001                ASSERT (((_vector_spacing == 0x0) || (SIZEOF (.vector_15) <= (_vector_spacing << 0x5))), function at exception vector 15 too large)

.vector_16      0x000000009d01f400        0x8
 *(.vector_16)
 .vector_16     0x000000009d01f400        0x8 /Applications/microchip/xc32/v4.00/bin/bin/../../lib/gcc/pic32mx/8.3.1/../../../../pic32mx/lib/libpic32.a(vector16.o)
                0x000000009d01f400                __vector_dispatch_16
                0x0000000000000001                ASSERT (((_vector_spacing == 0x0) || (SIZEOF (.vector_16) <= (_vector_spacing << 0x5))), function at exception vector 16 too large)

.vector_17      0x000000009d01f420        0x8
 *(.vector_17)
 .vector_17     0x000000009d01f420        0x8 /Applications/microchip/xc32/v4.00/bin/bin/../../lib/gcc/pic32mx/8.3.1/../../../../pic32mx/lib/libpic32.a(vector17.o)
                0x000000009d01f420                __vector_dispatch_17
                0x0000000000000001                ASSERT (((_vector_spacing == 0x0) || (SIZEOF (.vector_17) <= (_vector_spacing << 0x5))), function at exception vector 17 too large)

.vector_18      0x000000009d01f440        0x8
 *(.vector_18)
 .vector_18     0x000000009d01f440        0x8 /Applications/microchip/xc32/v4.00/bin/bin/../../lib/gcc/pic32mx/8.3.1/../../../../pic32mx/lib/libpic32.a(vector18.o)
                0x000000009d01f440                __vector_dispatch_18
                0x0000000000000001                ASSERT (((_vector_spacing == 0x0) || (SIZEOF (.vector_18) <= (_vector_spacing << 0x5))), function at exception vector 18 too large)

.vector_19      0x000000009d01f460        0x8
 *(.vector_19)
 .vector_19     0x000000009d01f460        0x8 /Applications/microchip/xc32/v4.00/bin/bin/../../lib/gcc/pic32mx/8.3.1/../../../../pic32mx/lib/libpic32.a(vector19.o)
                0x000000009d01f460                __vector_dispatch_19
                0x0000000000000001                ASSERT (((_vector_spacing == 0x0) || (SIZEOF (.vector_19) <= (_vector_spacing << 0x5))), function at exception vector 19 too large)

.vector_20      0x000000009d01f480        0x8
 *(.vector_20)
 .vector_20     0x000000009d01f480        0x8 /Applications/microchip/xc32/v4.00/bin/bin/../../lib/gcc/pic32mx/8.3.1/../../../../pic32mx/lib/libpic32.a(vector20.o)
                0x000000009d01f480                __vector_dispatch_20
                0x0000000000000001                ASSERT (((_vector_spacing == 0x0) || (SIZEOF (.vector_20) <= (_vector_spacing << 0x5))), function at exception vector 20 too large)

.vector_21      0x000000009d01f4a0        0x8
 *(.vector_21)
 .vector_21     0x000000009d01f4a0        0x8 /Applications/microchip/xc32/v4.00/bin/bin/../../lib/gcc/pic32mx/8.3.1/../../../../pic32mx/lib/libpic32.a(vector21.o)
                0x000000009d01f4a0                __vector_dispatch_21
                0x0000000000000001                ASSERT (((_vector_spacing == 0x0) || (SIZEOF (.vector_21) <= (_vector_spacing << 0x5))), function at exception vector 21 too large)

.vector_22      0x000000009d01f4c0        0x8
 *(.vector_22)
 .vector_22     0x000000009d01f4c0        0x8 /Applications/microchip/xc32/v4.00/bin/bin/../../lib/gcc/pic32mx/8.3.1/../../../../pic32mx/lib/libpic32.a(vector22.o)
                0x000000009d01f4c0                __vector_dispatch_22
                0x0000000000000001                ASSERT (((_vector_spacing == 0x0) || (SIZEOF (.vector_22) <= (_vector_spacing << 0x5))), function at exception vector 22 too large)

.vector_23      0x000000009d01f4e0        0x8
 *(.vector_23)
 .vector_23     0x000000009d01f4e0        0x8 /Applications/microchip/xc32/v4.00/bin/bin/../../lib/gcc/pic32mx/8.3.1/../../../../pic32mx/lib/libpic32.a(vector23.o)
                0x000000009d01f4e0                __vector_dispatch_23
                0x0000000000000001                ASSERT (((_vector_spacing == 0x0) || (SIZEOF (.vector_23) <= (_vector_spacing << 0x5))), function at exception vector 23 too large)

.vector_24      0x000000009d01f500        0x8
 *(.vector_24)
 .vector_24     0x000000009d01f500        0x8 /Applications/microchip/xc32/v4.00/bin/bin/../../lib/gcc/pic32mx/8.3.1/../../../../pic32mx/lib/libpic32.a(vector24.o)
                0x000000009d01f500                __vector_dispatch_24
                0x0000000000000001                ASSERT (((_vector_spacing == 0x0) || (SIZEOF (.vector_24) <= (_vector_spacing << 0x5))), function at exception vector 24 too large)

.vector_25      0x000000009d01f520        0x8
 *(.vector_25)
 .vector_25     0x000000009d01f520        0x8 /Applications/microchip/xc32/v4.00/bin/bin/../../lib/gcc/pic32mx/8.3.1/../../../../pic32mx/lib/libpic32.a(vector25.o)
                0x000000009d01f520                __vector_dispatch_25
                0x0000000000000001                ASSERT (((_vector_spacing == 0x0) || (SIZEOF (.vector_25) <= (_vector_spacing << 0x5))), function at exception vector 25 too large)

.vector_26      0x000000009d01f540        0x8
 *(.vector_26)
 .vector_26     0x000000009d01f540        0x8 /Applications/microchip/xc32/v4.00/bin/bin/../../lib/gcc/pic32mx/8.3.1/../../../../pic32mx/lib/libpic32.a(vector26.o)
                0x000000009d01f540                __vector_dispatch_26
                0x0000000000000001                ASSERT (((_vector_spacing == 0x0) || (SIZEOF (.vector_26) <= (_vector_spacing << 0x5))), function at exception vector 26 too large)

.vector_27      0x000000009d01f560        0x8
 *(.vector_27)
 .vector_27     0x000000009d01f560        0x8 /Applications/microchip/xc32/v4.00/bin/bin/../../lib/gcc/pic32mx/8.3.1/../../../../pic32mx/lib/libpic32.a(vector27.o)
                0x000000009d01f560                __vector_dispatch_27
                0x0000000000000001                ASSERT (((_vector_spacing == 0x0) || (SIZEOF (.vector_27) <= (_vector_spacing << 0x5))), function at exception vector 27 too large)

.vector_28      0x000000009d01f580        0x8
 *(.vector_28)
 .vector_28     0x000000009d01f580        0x8 /Applications/microchip/xc32/v4.00/bin/bin/../../lib/gcc/pic32mx/8.3.1/../../../../pic32mx/lib/libpic32.a(vector28.o)
                0x000000009d01f580                __vector_dispatch_28
                0x0000000000000001                ASSERT (((_vector_spacing == 0x0) || (SIZEOF (.vector_28) <= (_vector_spacing << 0x5))), function at exception vector 28 too large)

.vector_29      0x000000009d01f5a0        0x8
 *(.vector_29)
 .vector_29     0x000000009d01f5a0        0x8 /Applications/microchip/xc32/v4.00/bin/bin/../../lib/gcc/pic32mx/8.3.1/../../../../pic32mx/lib/libpic32.a(vector29.o)
                0x000000009d01f5a0                __vector_dispatch_29
                0x0000000000000001                ASSERT (((_vector_spacing == 0x0) || (SIZEOF (.vector_29) <= (_vector_spacing << 0x5))), function at exception vector 29 too large)

.vector_30      0x000000009d01f5c0        0x8
 *(.vector_30)
 .vector_30     0x000000009d01f5c0        0x8 /Applications/microchip/xc32/v4.00/bin/bin/../../lib/gcc/pic32mx/8.3.1/../../../../pic32mx/lib/libpic32.a(vector30.o)
                0x000000009d01f5c0                __vector_dispatch_30
                0x0000000000000001                ASSERT (((_vector_spacing == 0x0) || (SIZEOF (.vector_30) <= (_vector_spacing << 0x5))), function at exception vector 30 too large)

.vector_31      0x000000009d01f5e0        0x8
 *(.vector_31)
 .vector_31     0x000000009d01f5e0        0x8 /Applications/microchip/xc32/v4.00/bin/bin/../../lib/gcc/pic32mx/8.3.1/../../../../pic32mx/lib/libpic32.a(vector31.o)
                0x000000009d01f5e0                __vector_dispatch_31
                0x0000000000000001                ASSERT (((_vector_spacing == 0x0) || (SIZEOF (.vector_31) <= (_vector_spacing << 0x5))), function at exception vector 31 too large)

.vector_32      0x000000009d01f600        0x8
 *(.vector_32)
 .vector_32     0x000000009d01f600        0x8 /Applications/microchip/xc32/v4.00/bin/bin/../../lib/gcc/pic32mx/8.3.1/../../../../pic32mx/lib/libpic32.a(vector32.o)
                0x000000009d01f600                __vector_dispatch_32
                0x0000000000000001                ASSERT (((_vector_spacing == 0x0) || (SIZEOF (.vector_32) <= (_vector_spacing << 0x5))), function at exception vector 32 too large)

.vector_33      0x000000009d01f620        0x8
 *(.vector_33)
 .vector_33     0x000000009d01f620        0x8 /Applications/microchip/xc32/v4.00/bin/bin/../../lib/gcc/pic32mx/8.3.1/../../../../pic32mx/lib/libpic32.a(vector33.o)
                0x000000009d01f620                __vector_dispatch_33
                0x0000000000000001                ASSERT (((_vector_spacing == 0x0) || (SIZEOF (.vector_33) <= (_vector_spacing << 0x5))), function at exception vector 33 too large)

.vector_34      0x000000009d01f640        0x8
 *(.vector_34)
 .vector_34     0x000000009d01f640        0x8 /Applications/microchip/xc32/v4.00/bin/bin/../../lib/gcc/pic32mx/8.3.1/../../../../pic32mx/lib/libpic32.a(vector34.o)
                0x000000009d01f640                __vector_dispatch_34
                0x0000000000000001                ASSERT (((_vector_spacing == 0x0) || (SIZEOF (.vector_34) <= (_vector_spacing << 0x5))), function at exception vector 34 too large)

.vector_35      0x000000009d01f660        0x8
 *(.vector_35)
 .vector_35     0x000000009d01f660        0x8 /Applications/microchip/xc32/v4.00/bin/bin/../../lib/gcc/pic32mx/8.3.1/../../../../pic32mx/lib/libpic32.a(vector35.o)
                0x000000009d01f660                __vector_dispatch_35
                0x0000000000000001                ASSERT (((_vector_spacing == 0x0) || (SIZEOF (.vector_35) <= (_vector_spacing << 0x5))), function at exception vector 35 too large)

.vector_36      0x000000009d01f680        0x8
 *(.vector_36)
 .vector_36     0x000000009d01f680        0x8 /Applications/microchip/xc32/v4.00/bin/bin/../../lib/gcc/pic32mx/8.3.1/../../../../pic32mx/lib/libpic32.a(vector36.o)
                0x000000009d01f680                __vector_dispatch_36
                0x0000000000000001                ASSERT (((_vector_spacing == 0x0) || (SIZEOF (.vector_36) <= (_vector_spacing << 0x5))), function at exception vector 36 too large)

.vector_37      0x000000009d01f6a0        0x8
 *(.vector_37)
 .vector_37     0x000000009d01f6a0        0x8 /Applications/microchip/xc32/v4.00/bin/bin/../../lib/gcc/pic32mx/8.3.1/../../../../pic32mx/lib/libpic32.a(vector37.o)
                0x000000009d01f6a0                __vector_dispatch_37
                0x0000000000000001                ASSERT (((_vector_spacing == 0x0) || (SIZEOF (.vector_37) <= (_vector_spacing << 0x5))), function at exception vector 37 too large)

.vector_38      0x000000009d01f6c0        0x8
 *(.vector_38)
 .vector_38     0x000000009d01f6c0        0x8 /Applications/microchip/xc32/v4.00/bin/bin/../../lib/gcc/pic32mx/8.3.1/../../../../pic32mx/lib/libpic32.a(vector38.o)
                0x000000009d01f6c0                __vector_dispatch_38
                0x0000000000000001                ASSERT (((_vector_spacing == 0x0) || (SIZEOF (.vector_38) <= (_vector_spacing << 0x5))), function at exception vector 38 too large)

.vector_39      0x000000009d01f6e0        0x8
 *(.vector_39)
 .vector_39     0x000000009d01f6e0        0x8 /Applications/microchip/xc32/v4.00/bin/bin/../../lib/gcc/pic32mx/8.3.1/../../../../pic32mx/lib/libpic32.a(vector39.o)
                0x000000009d01f6e0                __vector_dispatch_39
                0x0000000000000001                ASSERT (((_vector_spacing == 0x0) || (SIZEOF (.vector_39) <= (_vector_spacing << 0x5))), function at exception vector 39 too large)

.vector_40      0x000000009d01f700        0x8
 *(.vector_40)
 .vector_40     0x000000009d01f700        0x8 /Applications/microchip/xc32/v4.00/bin/bin/../../lib/gcc/pic32mx/8.3.1/../../../../pic32mx/lib/libpic32.a(vector40.o)
                0x000000009d01f700                __vector_dispatch_40
                0x0000000000000001                ASSERT (((_vector_spacing == 0x0) || (SIZEOF (.vector_40) <= (_vector_spacing << 0x5))), function at exception vector 40 too large)

.vector_41      0x000000009d01f720        0x8
 *(.vector_41)
 .vector_41     0x000000009d01f720        0x8 /Applications/microchip/xc32/v4.00/bin/bin/../../lib/gcc/pic32mx/8.3.1/../../../../pic32mx/lib/libpic32.a(vector41.o)
                0x000000009d01f720                __vector_dispatch_41
                0x0000000000000001                ASSERT (((_vector_spacing == 0x0) || (SIZEOF (.vector_41) <= (_vector_spacing << 0x5))), function at exception vector 41 too large)

.vector_42      0x000000009d01f740        0x8
 *(.vector_42)
 .vector_42     0x000000009d01f740        0x8 /Applications/microchip/xc32/v4.00/bin/bin/../../lib/gcc/pic32mx/8.3.1/../../../../pic32mx/lib/libpic32.a(vector42.o)
                0x000000009d01f740                __vector_dispatch_42
                0x0000000000000001                ASSERT (((_vector_spacing == 0x0) || (SIZEOF (.vector_42) <= (_vector_spacing << 0x5))), function at exception vector 42 too large)

.vector_43      0x000000009d01f760        0x8
 *(.vector_43)
 .vector_43     0x000000009d01f760        0x8 /Applications/microchip/xc32/v4.00/bin/bin/../../lib/gcc/pic32mx/8.3.1/../../../../pic32mx/lib/libpic32.a(vector43.o)
                0x000000009d01f760                __vector_dispatch_43
                0x0000000000000001                ASSERT (((_vector_spacing == 0x0) || (SIZEOF (.vector_43) <= (_vector_spacing << 0x5))), function at exception vector 43 too large)

.vector_44      0x000000009d01f780        0x0
 *(.vector_44)
                0x0000000000000001                ASSERT (((_vector_spacing == 0x0) || (SIZEOF (.vector_44) <= (_vector_spacing << 0x5))), function at exception vector 44 too large)

.vector_45      0x000000009d01f7a0        0x0
 *(.vector_45)
                0x0000000000000001                ASSERT (((_vector_spacing == 0x0) || (SIZEOF (.vector_45) <= (_vector_spacing << 0x5))), function at exception vector 45 too large)

.vector_46      0x000000009d01f7c0        0x0
 *(.vector_46)
                0x0000000000000001                ASSERT (((_vector_spacing == 0x0) || (SIZEOF (.vector_46) <= (_vector_spacing << 0x5))), function at exception vector 46 too large)

.vector_47      0x000000009d01f7e0        0x0
 *(.vector_47)
                0x0000000000000001                ASSERT (((_vector_spacing == 0x0) || (SIZEOF (.vector_47) <= (_vector_spacing << 0x5))), function at exception vector 47 too large)

.vector_48      0x000000009d01f800        0x0
 *(.vector_48)
                0x0000000000000001                ASSERT (((_vector_spacing == 0x0) || (SIZEOF (.vector_48) <= (_vector_spacing << 0x5))), function at exception vector 48 too large)

.vector_49      0x000000009d01f820        0x0
 *(.vector_49)
                0x0000000000000001                ASSERT (((_vector_spacing == 0x0) || (SIZEOF (.vector_49) <= (_vector_spacing << 0x5))), function at exception vector 49 too large)

.vector_50      0x000000009d01f840        0x0
 *(.vector_50)
                0x0000000000000001                ASSERT (((_vector_spacing == 0x0) || (SIZEOF (.vector_50) <= (_vector_spacing << 0x5))), function at exception vector 50 too large)

.vector_51      0x000000009d01f860        0x0
 *(.vector_51)
                0x0000000000000001                ASSERT (((_vector_spacing == 0x0) || (SIZEOF (.vector_51) <= (_vector_spacing << 0x5))), function at exception vector 51 too large)

.vector_52      0x000000009d01f880        0x0
 *(.vector_52)
                0x0000000000000001                ASSERT (((_vector_spacing == 0x0) || (SIZEOF (.vector_52) <= (_vector_spacing << 0x5))), function at exception vector 52 too large)

.vector_53      0x000000009d01f8a0        0x0
 *(.vector_53)
                0x0000000000000001                ASSERT (((_vector_spacing == 0x0) || (SIZEOF (.vector_53) <= (_vector_spacing << 0x5))), function at exception vector 53 too large)

.vector_54      0x000000009d01f8c0        0x0
 *(.vector_54)
                0x0000000000000001                ASSERT (((_vector_spacing == 0x0) || (SIZEOF (.vector_54) <= (_vector_spacing << 0x5))), function at exception vector 54 too large)

.vector_55      0x000000009d01f8e0        0x0
 *(.vector_55)
                0x0000000000000001                ASSERT (((_vector_spacing == 0x0) || (SIZEOF (.vector_55) <= (_vector_spacing << 0x5))), function at exception vector 55 too large)

.vector_56      0x000000009d01f900        0x0
 *(.vector_56)
                0x0000000000000001                ASSERT (((_vector_spacing == 0x0) || (SIZEOF (.vector_56) <= (_vector_spacing << 0x5))), function at exception vector 56 too large)

.vector_57      0x000000009d01f920        0x0
 *(.vector_57)
                0x0000000000000001                ASSERT (((_vector_spacing == 0x0) || (SIZEOF (.vector_57) <= (_vector_spacing << 0x5))), function at exception vector 57 too large)

.vector_58      0x000000009d01f940        0x0
 *(.vector_58)
                0x0000000000000001                ASSERT (((_vector_spacing == 0x0) || (SIZEOF (.vector_58) <= (_vector_spacing << 0x5))), function at exception vector 58 too large)

.vector_59      0x000000009d01f960        0x0
 *(.vector_59)
                0x0000000000000001                ASSERT (((_vector_spacing == 0x0) || (SIZEOF (.vector_59) <= (_vector_spacing << 0x5))), function at exception vector 59 too large)

.vector_60      0x000000009d01f980        0x0
 *(.vector_60)
                0x0000000000000001                ASSERT (((_vector_spacing == 0x0) || (SIZEOF (.vector_60) <= (_vector_spacing << 0x5))), function at exception vector 60 too large)

.vector_61      0x000000009d01f9a0        0x0
 *(.vector_61)
                0x0000000000000001                ASSERT (((_vector_spacing == 0x0) || (SIZEOF (.vector_61) <= (_vector_spacing << 0x5))), function at exception vector 61 too large)

.vector_62      0x000000009d01f9c0        0x0
 *(.vector_62)
                0x0000000000000001                ASSERT (((_vector_spacing == 0x0) || (SIZEOF (.vector_62) <= (_vector_spacing << 0x5))), function at exception vector 62 too large)

.vector_63      0x000000009d01f9e0        0x0
 *(.vector_63)
                0x0000000000000001                ASSERT (((_vector_spacing == 0x0) || (SIZEOF (.vector_63) <= (_vector_spacing << 0x5))), function at exception vector 63 too large)

.startup
 *(.startup)

.text           0x000000009d000000        0x0
 *(.stub .gnu.linkonce.t.*)
 *(.text.*personality*)
 *(.mips16.fn.*)
 *(.mips16.call.*)
 *(.gnu.warning)
                0x000000009d000000                . = ALIGN (0x4)

.init           0x000000009d000000        0x0
 *crti.o(.init)
 *crtbegin.o(.init)
 *(EXCLUDE_FILE(*crtn.o *crtend?.o *crtend.o) .init)
 *crtend.o(.init)
 *crtn.o(.init)
                0x000000009d000000                . = ALIGN (0x4)

.fini           0x000000009d000000        0x0
 *(.fini)
                0x000000009d000000                . = ALIGN (0x4)

.preinit_array  0x000000009d000000        0x0
                [!provide]                        PROVIDE (__preinit_array_start = .)
 *(.preinit_array)
                [!provide]                        PROVIDE (__preinit_array_end = .)
                0x000000009d000000                . = ALIGN (0x4)

.init_array     0x000000009d000000        0x0
                [!provide]                        PROVIDE (__init_array_start = .)
 *(SORT_BY_NAME(.init_array.*))
 *(.init_array)
                [!provide]                        PROVIDE (__init_array_end = .)
                0x000000009d000000                . = ALIGN (0x4)

.fini_array     0x000000009d000000        0x0
                [!provide]                        PROVIDE (__fini_array_start = .)
 *(SORT_BY_NAME(.fini_array.*))
 *(.fini_array)
                [!provide]                        PROVIDE (__fini_array_end = .)
                0x000000009d000000                . = ALIGN (0x4)

.ctors          0x000000009d000000        0x0
 *crtbegin.o(.ctors)
 *crtbegin?.o(.ctors)
 *(EXCLUDE_FILE(*crtend?.o *crtend.o) .ctors)
 *(SORT_BY_NAME(.ctors.*))
 *(.ctors)
                0x000000009d000000                . = ALIGN (0x4)

.dtors          0x000000009d000000        0x0
 *crtbegin.o(.dtors)
 *crtbegin?.o(.dtors)
 *(EXCLUDE_FILE(*crtend?.o *crtend.o) .dtors)
 *(SORT_BY_NAME(.dtors.*))
 *(.dtors)
                0x000000009d000000                . = ALIGN (0x4)

.rodata         0x000000009d000000        0x0
 *(.gnu.linkonce.r.*)
 *(.rodata1)
                0x000000009d000000                . = ALIGN (0x4)

.sdata2         0x000000009d000000        0x0
 *(.sdata2 .sdata2.* .gnu.linkonce.s2.*)
                0x000000009d000000                . = ALIGN (0x4)

.sbss2          0x000000009d000000        0x0
 *(.sbss2 .sbss2.* .gnu.linkonce.sb2.*)
                0x000000009d000000                . = ALIGN (0x4)

.eh_frame_hdr
 *(.eh_frame_hdr)
                0x000000009d000000                . = ALIGN (0x4)

.eh_frame
 *(.eh_frame)
                0x000000009d000000                . = ALIGN (0x4)

.gcc_except_table
 *(.gcc_except_table .gcc_except_table.*)
                0x000000009d000000                . = ALIGN (0x4)

.dbg_data       0x00000000a0000000        0x0
                0x00000000a0000000                . = (. + DEFINED (_DEBUGGER)?0x200:0x0)

.jcr            0x00000000a0000000        0x0
 *(.jcr)
                0x00000000a0000000                . = ALIGN (0x4)

.eh_frame
 *(.eh_frame)
                0x00000000a0000000                . = ALIGN (0x4)

.gcc_except_table
 *(.gcc_except_table .gcc_except_table.*)
                0x00000000a0000000                . = ALIGN (0x4)

.persist        0x00000000a0000000        0x0
                0x00000000a0000000                _persist_begin = .
 *(.persist .persist.*)
                0x00000000a0000000                . = ALIGN (0x4)
                0x00000000a0000000                _persist_end = .

.data           0x00000000a0000000        0x0
 *(.gnu.linkonce.d.*)
 *(.data1)
                0x00000000a0000000                . = ALIGN (0x4)
                0x00000000a0000000                . = .
                0x00000000a0007ff0                _gp = (ALIGN (0x10) + 0x7ff0)

.got            0x00000000a0000000        0x0
 *(.got.plt)
 *(.got)
                0x00000000a0000000                . = ALIGN (0x4)

.sdata          0x00000000a0000000        0x4
                0x00000000a0000000                _sdata_begin = .
 *(.sdata .sdata.* .gnu.linkonce.s.*)
 .sdata.compareValue
                0x00000000a0000000        0x4 build/default/production/_ext/1249264884/plib_coretimer.o
                0x00000000a0000004                . = ALIGN (0x4)
                0x00000000a0000004                _sdata_end = .

.lit8
 *(.lit8)

.lit4
 *(.lit4)
                0x00000000a0000004                . = ALIGN (0x4)
                0x00000000a0000004                _data_end = .
                0x00000000a0000004                _bss_begin = .

.sbss           0x00000000a0000004       0x18
                0x00000000a0000004                _sbss_begin = .
 *(.dynsbss)
 *(.sbss .sbss.* .gnu.linkonce.sb.*)
 .sbss.tmr3Obj  0x00000000a0000004        0x8 build/default/production/_ext/60181895/plib_tmr3.o
 .sbss.next_osc2
                0x00000000a000000c        0x1 build/default/production/_ext/1360937237/main.o
                0x00000000a000000c                next_osc2
 .sbss.next_osc1
                0x00000000a000000d        0x1 build/default/production/_ext/1360937237/main.o
                0x00000000a000000d                next_osc1
 *fill*         0x00000000a000000e        0x2 
 .sbss.appData  0x00000000a0000010        0x4 build/default/production/_ext/1360937237/app.o
                0x00000000a0000010                appData
 .sbss.start_timer
                0x00000000a0000014        0x4 build/default/production/_ext/1360937237/app.o
                0x00000000a0000014                start_timer
 .sbss.start_count
                0x00000000a0000018        0x1 build/default/production/_ext/1360937237/app.o
                0x00000000a0000018                start_count
 .sbss.rxCounter
                0x00000000a0000019        0x1 build/default/production/_ext/1360937237/app.o
                0x00000000a0000019                rxCounter
 .sbss.data     0x00000000a000001a        0x1 build/default/production/_ext/1360937237/app.o
                0x00000000a000001a                data
 *(.scommon)
                0x00000000a000001b                _sbss_end = .
                0x00000000a000001c                . = ALIGN (0x4)
 *fill*         0x00000000a000001b        0x1 

.bss            0x00000000a000001c        0x0
 *(.dynbss)
 *(COMMON)
                0x00000000a000001c                . = ALIGN ((. != 0x0)?0x4:0x1)
                0x00000000a000001c                . = ALIGN (0x4)
                0x00000000a000001c                _end = .
                0x00000000a000001c                _bss_end = .
                0x0000000000008000                _bmxdudba_address = LENGTH (kseg1_data_mem)
                0x0000000000008000                _bmxdupba_address = LENGTH (kseg1_data_mem)

/DISCARD/
 *(.pdr)
 *(.rel.dyn)
 *(.note.GNU-stack)
 *(.note.GNU-stack)
 *(.gnu_debuglink)
 *(.gnu.lto_*)
 *(.discard)

.gptab.sdata
 *(.gptab.data)
 *(.gptab.sdata)

.gptab.sbss
 *(.gptab.bss)
 *(.gptab.sbss)

.mdebug.abi32   0x0000000000000000        0x0
 *(.mdebug.abi32)
 .mdebug.abi32  0x0000000000000000        0x0 build/default/production/_ext/60165520/plib_clk.o
 .mdebug.abi32  0x0000000000000000        0x0 build/default/production/_ext/1249264884/plib_coretimer.o
 .mdebug.abi32  0x0000000000000000        0x0 build/default/production/_ext/1865200349/plib_evic.o
 .mdebug.abi32  0x0000000000000000        0x0 build/default/production/_ext/1865254177/plib_gpio.o
 .mdebug.abi32  0x0000000000000000        0x0 build/default/production/_ext/1865480137/plib_ocmp1.o
 .mdebug.abi32  0x0000000000000000        0x0 build/default/production/_ext/1865480137/plib_ocmp2.o
 .mdebug.abi32  0x0000000000000000        0x0 build/default/production/_ext/60181895/plib_tmr2.o
 .mdebug.abi32  0x0000000000000000        0x0 build/default/production/_ext/60181895/plib_tmr3.o
 .mdebug.abi32  0x0000000000000000        0x0 build/default/production/_ext/1865657120/plib_uart1.o
 .mdebug.abi32  0x0000000000000000        0x0 build/default/production/_ext/163028504/xc32_monitor.o
 .mdebug.abi32  0x0000000000000000        0x0 build/default/production/_ext/1881668453/sys_int.o
 .mdebug.abi32  0x0000000000000000        0x0 build/default/production/_ext/1171490990/interrupts.o
 .mdebug.abi32  0x0000000000000000        0x0 build/default/production/_ext/1171490990/exceptions.o
 .mdebug.abi32  0x0000000000000000        0x0 build/default/production/_ext/1171490990/initialization.o
 .mdebug.abi32  0x0000000000000000        0x0 build/default/production/_ext/1171490990/tasks.o
 .mdebug.abi32  0x0000000000000000        0x0 build/default/production/_ext/1360937237/main.o
 .mdebug.abi32  0x0000000000000000        0x0 build/default/production/_ext/1360937237/app.o
 .mdebug.abi32  0x0000000000000000        0x0 /Applications/microchip/xc32/v4.00/bin/bin/../../lib/gcc/pic32mx/8.3.1/../../../../pic32mx/lib/libpic32.a(default-on-reset.o)
 .mdebug.abi32  0x0000000000000000        0x0 /Applications/microchip/xc32/v4.00/bin/bin/../../lib/gcc/pic32mx/8.3.1/../../../../pic32mx/lib/libpic32.a(default-on-bootstrap.o)
 .mdebug.abi32  0x0000000000000000        0x0 /Applications/microchip/xc32/v4.00/bin/bin/../../lib/gcc/pic32mx/8.3.1/../../../../pic32mx/lib/libpic32.a(defaultinterrupt.o)
 .mdebug.abi32  0x0000000000000000        0x0 /Applications/microchip/xc32/v4.00/bin/bin/../../lib/gcc/pic32mx/8.3.1/../../../../pic32mx/lib/libc-musl.a(rand.o)

.mdebug.abiN32
 *(.mdebug.abiN32)

.mdebug.abi64
 *(.mdebug.abi64)

.mdebug.abiO64
 *(.mdebug.abiO64)

.mdebug.eabi32
 *(.mdebug.eabi32)

.mdebug.eabi64
 *(.mdebug.eabi64)

.gcc_compiled_long32
 *(.gcc_compiled_long32)

.gcc_compiled_long64
 *(.gcc_compiled_long64)

.stab
 *(.stab)

.stabstr
 *(.stabstr)

.stab.excl
 *(.stab.excl)

.stab.exclstr
 *(.stab.exclstr)

.stab.index
 *(.stab.index)

.stab.indexstr
 *(.stab.indexstr)

.comment        0x0000000000000000       0x53
 *(.comment)
 .comment       0x0000000000000000       0x53 build/default/production/_ext/60165520/plib_clk.o
                                         0x54 (size before relaxing)
 .comment       0x0000000000000053       0x54 build/default/production/_ext/1249264884/plib_coretimer.o
 .comment       0x0000000000000053       0x54 build/default/production/_ext/1865200349/plib_evic.o
 .comment       0x0000000000000053       0x54 build/default/production/_ext/1865254177/plib_gpio.o
 .comment       0x0000000000000053       0x54 build/default/production/_ext/1865480137/plib_ocmp1.o
 .comment       0x0000000000000053       0x54 build/default/production/_ext/1865480137/plib_ocmp2.o
 .comment       0x0000000000000053       0x54 build/default/production/_ext/60181895/plib_tmr2.o
 .comment       0x0000000000000053       0x54 build/default/production/_ext/60181895/plib_tmr3.o
 .comment       0x0000000000000053       0x54 build/default/production/_ext/1865657120/plib_uart1.o
 .comment       0x0000000000000053       0x54 build/default/production/_ext/163028504/xc32_monitor.o
 .comment       0x0000000000000053       0x54 build/default/production/_ext/1881668453/sys_int.o
 .comment       0x0000000000000053       0x54 build/default/production/_ext/1171490990/interrupts.o
 .comment       0x0000000000000053       0x54 build/default/production/_ext/1171490990/exceptions.o
 .comment       0x0000000000000053       0x54 build/default/production/_ext/1171490990/initialization.o
 .comment       0x0000000000000053       0x54 build/default/production/_ext/1171490990/tasks.o
 .comment       0x0000000000000053       0x54 build/default/production/_ext/1360937237/main.o
 .comment       0x0000000000000053       0x54 build/default/production/_ext/1360937237/app.o
 .comment       0x0000000000000053       0x54 /Applications/microchip/xc32/v4.00/bin/bin/../../lib/gcc/pic32mx/8.3.1/../../../../pic32mx/lib/libpic32.a(default-on-reset.o)
 .comment       0x0000000000000053       0x54 /Applications/microchip/xc32/v4.00/bin/bin/../../lib/gcc/pic32mx/8.3.1/../../../../pic32mx/lib/libpic32.a(default-on-bootstrap.o)
 .comment       0x0000000000000053       0x54 /Applications/microchip/xc32/v4.00/bin/bin/../../lib/gcc/pic32mx/8.3.1/../../../../pic32mx/lib/libpic32.a(defaultinterrupt.o)
 .comment       0x0000000000000053       0x54 /Applications/microchip/xc32/v4.00/bin/bin/../../lib/gcc/pic32mx/8.3.1/../../../../pic32mx/lib/libc-musl.a(rand.o)

.debug
 *.elf(.debug)
 *(.debug)

.line
 *.elf(.line)
 *(.line)

.debug_srcinfo
 *.elf(.debug_srcinfo)
 *(.debug_srcinfo)

.debug_sfnames
 *.elf(.debug_sfnames)
 *(.debug_sfnames)

.debug_aranges  0x0000000000000000      0x4e8
 *.elf(.debug_aranges)
 *(.debug_aranges)
 .debug_aranges
                0x0000000000000000       0x20 build/default/production/_ext/60165520/plib_clk.o
 .debug_aranges
                0x0000000000000020       0x60 build/default/production/_ext/1249264884/plib_coretimer.o
 .debug_aranges
                0x0000000000000080       0x68 build/default/production/_ext/1865200349/plib_evic.o
 .debug_aranges
                0x00000000000000e8       0x60 build/default/production/_ext/1865254177/plib_gpio.o
 .debug_aranges
                0x0000000000000148       0x48 build/default/production/_ext/1865480137/plib_ocmp1.o
 .debug_aranges
                0x0000000000000190       0x48 build/default/production/_ext/1865480137/plib_ocmp2.o
 .debug_aranges
                0x00000000000001d8       0x50 build/default/production/_ext/60181895/plib_tmr2.o
 .debug_aranges
                0x0000000000000228       0x70 build/default/production/_ext/60181895/plib_tmr3.o
 .debug_aranges
                0x0000000000000298       0x80 build/default/production/_ext/1865657120/plib_uart1.o
 .debug_aranges
                0x0000000000000318       0x28 build/default/production/_ext/163028504/xc32_monitor.o
 .debug_aranges
                0x0000000000000340       0x40 build/default/production/_ext/1881668453/sys_int.o
 .debug_aranges
                0x0000000000000380       0x20 build/default/production/_ext/1171490990/interrupts.o
 .debug_aranges
                0x00000000000003a0       0x28 build/default/production/_ext/1171490990/exceptions.o
 .debug_aranges
                0x00000000000003c8       0x20 build/default/production/_ext/1171490990/initialization.o
 .debug_aranges
                0x00000000000003e8       0x20 build/default/production/_ext/1171490990/tasks.o
 .debug_aranges
                0x0000000000000408       0x30 build/default/production/_ext/1360937237/main.o
 .debug_aranges
                0x0000000000000438       0x28 build/default/production/_ext/1360937237/app.o
 .debug_aranges
                0x0000000000000460       0x20 /Applications/microchip/xc32/v4.00/bin/bin/../../lib/gcc/pic32mx/8.3.1/../../../../pic32mx/lib/libpic32.a(default-on-reset.o)
 .debug_aranges
                0x0000000000000480       0x20 /Applications/microchip/xc32/v4.00/bin/bin/../../lib/gcc/pic32mx/8.3.1/../../../../pic32mx/lib/libpic32.a(default-on-bootstrap.o)
 .debug_aranges
                0x00000000000004a0       0x20 /Applications/microchip/xc32/v4.00/bin/bin/../../lib/gcc/pic32mx/8.3.1/../../../../pic32mx/lib/libpic32.a(defaultinterrupt.o)
 .debug_aranges
                0x00000000000004c0       0x28 /Applications/microchip/xc32/v4.00/bin/bin/../../lib/gcc/pic32mx/8.3.1/../../../../pic32mx/lib/libc-musl.a(rand.o)

.debug_pubnames
 *.elf(.debug_pubnames)
 *(.debug_pubnames)

.debug_info     0x0000000000000000   0x119a24
 *.elf(.debug_info .gnu.linkonce.wi.*)
 *(.debug_info .gnu.linkonce.wi.*)
 .debug_info    0x0000000000000000    0x10d30 build/default/production/_ext/60165520/plib_clk.o
 .debug_info    0x0000000000010d30    0x10ea4 build/default/production/_ext/1249264884/plib_coretimer.o
 .debug_info    0x0000000000021bd4    0x11107 build/default/production/_ext/1865200349/plib_evic.o
 .debug_info    0x0000000000032cdb    0x10f3d build/default/production/_ext/1865254177/plib_gpio.o
 .debug_info    0x0000000000043c18    0x10dc0 build/default/production/_ext/1865480137/plib_ocmp1.o
 .debug_info    0x00000000000549d8    0x10dc0 build/default/production/_ext/1865480137/plib_ocmp2.o
 .debug_info    0x0000000000065798    0x10dd9 build/default/production/_ext/60181895/plib_tmr2.o
 .debug_info    0x0000000000076571    0x10edc build/default/production/_ext/60181895/plib_tmr3.o
 .debug_info    0x000000000008744d    0x111ee build/default/production/_ext/1865657120/plib_uart1.o
 .debug_info    0x000000000009863b       0xe0 build/default/production/_ext/163028504/xc32_monitor.o
 .debug_info    0x000000000009871b    0x110a4 build/default/production/_ext/1881668453/sys_int.o
 .debug_info    0x00000000000a97bf    0x12e75 build/default/production/_ext/1171490990/interrupts.o
 .debug_info    0x00000000000bc634    0x12f4c build/default/production/_ext/1171490990/exceptions.o
 .debug_info    0x00000000000cf580    0x12f68 build/default/production/_ext/1171490990/initialization.o
 .debug_info    0x00000000000e24e8    0x12e75 build/default/production/_ext/1171490990/tasks.o
 .debug_info    0x00000000000f535d    0x1142d build/default/production/_ext/1360937237/main.o
 .debug_info    0x000000000010678a    0x13113 build/default/production/_ext/1360937237/app.o
 .debug_info    0x000000000011989d       0x3f /Applications/microchip/xc32/v4.00/bin/bin/../../lib/gcc/pic32mx/8.3.1/../../../../pic32mx/lib/libpic32.a(default-on-reset.o)
 .debug_info    0x00000000001198dc       0x3f /Applications/microchip/xc32/v4.00/bin/bin/../../lib/gcc/pic32mx/8.3.1/../../../../pic32mx/lib/libpic32.a(default-on-bootstrap.o)
 .debug_info    0x000000000011991b       0x40 /Applications/microchip/xc32/v4.00/bin/bin/../../lib/gcc/pic32mx/8.3.1/../../../../pic32mx/lib/libpic32.a(defaultinterrupt.o)
 .debug_info    0x000000000011995b       0xc9 /Applications/microchip/xc32/v4.00/bin/bin/../../lib/gcc/pic32mx/8.3.1/../../../../pic32mx/lib/libc-musl.a(rand.o)

.debug_abbrev   0x0000000000000000     0x25a8
 *.elf(.debug_abbrev)
 *(.debug_abbrev)
 .debug_abbrev  0x0000000000000000      0x182 build/default/production/_ext/60165520/plib_clk.o
 .debug_abbrev  0x0000000000000182      0x222 build/default/production/_ext/1249264884/plib_coretimer.o
 .debug_abbrev  0x00000000000003a4      0x206 build/default/production/_ext/1865200349/plib_evic.o
 .debug_abbrev  0x00000000000005aa      0x1fd build/default/production/_ext/1865254177/plib_gpio.o
 .debug_abbrev  0x00000000000007a7      0x1cb build/default/production/_ext/1865480137/plib_ocmp1.o
 .debug_abbrev  0x0000000000000972      0x1cb build/default/production/_ext/1865480137/plib_ocmp2.o
 .debug_abbrev  0x0000000000000b3d      0x1cb build/default/production/_ext/60181895/plib_tmr2.o
 .debug_abbrev  0x0000000000000d08      0x236 build/default/production/_ext/60181895/plib_tmr3.o
 .debug_abbrev  0x0000000000000f3e      0x30d build/default/production/_ext/1865657120/plib_uart1.o
 .debug_abbrev  0x000000000000124b       0x9e build/default/production/_ext/163028504/xc32_monitor.o
 .debug_abbrev  0x00000000000012e9      0x283 build/default/production/_ext/1881668453/sys_int.o
 .debug_abbrev  0x000000000000156c      0x247 build/default/production/_ext/1171490990/interrupts.o
 .debug_abbrev  0x00000000000017b3      0x24a build/default/production/_ext/1171490990/exceptions.o
 .debug_abbrev  0x00000000000019fd      0x271 build/default/production/_ext/1171490990/initialization.o
 .debug_abbrev  0x0000000000001c6e      0x247 build/default/production/_ext/1171490990/tasks.o
 .debug_abbrev  0x0000000000001eb5      0x2e4 build/default/production/_ext/1360937237/main.o
 .debug_abbrev  0x0000000000002199      0x2ec build/default/production/_ext/1360937237/app.o
 .debug_abbrev  0x0000000000002485       0x2e /Applications/microchip/xc32/v4.00/bin/bin/../../lib/gcc/pic32mx/8.3.1/../../../../pic32mx/lib/libpic32.a(default-on-reset.o)
 .debug_abbrev  0x00000000000024b3       0x2e /Applications/microchip/xc32/v4.00/bin/bin/../../lib/gcc/pic32mx/8.3.1/../../../../pic32mx/lib/libpic32.a(default-on-bootstrap.o)
 .debug_abbrev  0x00000000000024e1       0x31 /Applications/microchip/xc32/v4.00/bin/bin/../../lib/gcc/pic32mx/8.3.1/../../../../pic32mx/lib/libpic32.a(defaultinterrupt.o)
 .debug_abbrev  0x0000000000002512       0x96 /Applications/microchip/xc32/v4.00/bin/bin/../../lib/gcc/pic32mx/8.3.1/../../../../pic32mx/lib/libc-musl.a(rand.o)

.debug_line     0x0000000000000000     0x3b2e
 *.elf(.debug_line)
 *(.debug_line)
 .debug_line    0x0000000000000000      0x215 build/default/production/_ext/60165520/plib_clk.o
 .debug_line    0x0000000000000215      0x2ff build/default/production/_ext/1249264884/plib_coretimer.o
 .debug_line    0x0000000000000514      0x33b build/default/production/_ext/1865200349/plib_evic.o
 .debug_line    0x000000000000084f      0x323 build/default/production/_ext/1865254177/plib_gpio.o
 .debug_line    0x0000000000000b72      0x250 build/default/production/_ext/1865480137/plib_ocmp1.o
 .debug_line    0x0000000000000dc2      0x250 build/default/production/_ext/1865480137/plib_ocmp2.o
 .debug_line    0x0000000000001012      0x26f build/default/production/_ext/60181895/plib_tmr2.o
 .debug_line    0x0000000000001281      0x31a build/default/production/_ext/60181895/plib_tmr3.o
 .debug_line    0x000000000000159b      0x56f build/default/production/_ext/1865657120/plib_uart1.o
 .debug_line    0x0000000000001b0a       0xf8 build/default/production/_ext/163028504/xc32_monitor.o
 .debug_line    0x0000000000001c02      0x2b1 build/default/production/_ext/1881668453/sys_int.o
 .debug_line    0x0000000000001eb3      0x28d build/default/production/_ext/1171490990/interrupts.o
 .debug_line    0x0000000000002140      0x2ff build/default/production/_ext/1171490990/exceptions.o
 .debug_line    0x000000000000243f      0x5ac build/default/production/_ext/1171490990/initialization.o
 .debug_line    0x00000000000029eb      0x286 build/default/production/_ext/1171490990/tasks.o
 .debug_line    0x0000000000002c71      0x6ba build/default/production/_ext/1360937237/main.o
 .debug_line    0x000000000000332b      0x4a4 build/default/production/_ext/1360937237/app.o
 .debug_line    0x00000000000037cf       0xa6 /Applications/microchip/xc32/v4.00/bin/bin/../../lib/gcc/pic32mx/8.3.1/../../../../pic32mx/lib/libpic32.a(default-on-reset.o)
 .debug_line    0x0000000000003875       0xaa /Applications/microchip/xc32/v4.00/bin/bin/../../lib/gcc/pic32mx/8.3.1/../../../../pic32mx/lib/libpic32.a(default-on-bootstrap.o)
 .debug_line    0x000000000000391f       0xc9 /Applications/microchip/xc32/v4.00/bin/bin/../../lib/gcc/pic32mx/8.3.1/../../../../pic32mx/lib/libpic32.a(defaultinterrupt.o)
 .debug_line    0x00000000000039e8      0x146 /Applications/microchip/xc32/v4.00/bin/bin/../../lib/gcc/pic32mx/8.3.1/../../../../pic32mx/lib/libc-musl.a(rand.o)

.debug_frame    0x0000000000000000      0x8c0
 *.elf(.debug_frame)
 *(.debug_frame)
 .debug_frame   0x0000000000000000       0x20 build/default/production/_ext/60165520/plib_clk.o
 .debug_frame   0x0000000000000020       0xf4 build/default/production/_ext/1249264884/plib_coretimer.o
 .debug_frame   0x0000000000000114       0xd4 build/default/production/_ext/1865200349/plib_evic.o
 .debug_frame   0x00000000000001e8       0xa0 build/default/production/_ext/1865254177/plib_gpio.o
 .debug_frame   0x0000000000000288       0x70 build/default/production/_ext/1865480137/plib_ocmp1.o
 .debug_frame   0x00000000000002f8       0x70 build/default/production/_ext/1865480137/plib_ocmp2.o
 .debug_frame   0x0000000000000368       0x80 build/default/production/_ext/60181895/plib_tmr2.o
 .debug_frame   0x00000000000003e8       0xcc build/default/production/_ext/60181895/plib_tmr3.o
 .debug_frame   0x00000000000004b4      0x104 build/default/production/_ext/1865657120/plib_uart1.o
 .debug_frame   0x00000000000005b8       0x30 build/default/production/_ext/163028504/xc32_monitor.o
 .debug_frame   0x00000000000005e8       0xa0 build/default/production/_ext/1881668453/sys_int.o
 .debug_frame   0x0000000000000688       0x68 build/default/production/_ext/1171490990/interrupts.o
 .debug_frame   0x00000000000006f0       0x40 build/default/production/_ext/1171490990/exceptions.o
 .debug_frame   0x0000000000000730       0x2c build/default/production/_ext/1171490990/initialization.o
 .debug_frame   0x000000000000075c       0x2c build/default/production/_ext/1171490990/tasks.o
 .debug_frame   0x0000000000000788       0x64 build/default/production/_ext/1360937237/main.o
 .debug_frame   0x00000000000007ec       0x44 build/default/production/_ext/1360937237/app.o
 .debug_frame   0x0000000000000830       0x20 /Applications/microchip/xc32/v4.00/bin/bin/../../lib/gcc/pic32mx/8.3.1/../../../../pic32mx/lib/libpic32.a(default-on-reset.o)
 .debug_frame   0x0000000000000850       0x20 /Applications/microchip/xc32/v4.00/bin/bin/../../lib/gcc/pic32mx/8.3.1/../../../../pic32mx/lib/libpic32.a(default-on-bootstrap.o)
 .debug_frame   0x0000000000000870       0x20 /Applications/microchip/xc32/v4.00/bin/bin/../../lib/gcc/pic32mx/8.3.1/../../../../pic32mx/lib/libpic32.a(defaultinterrupt.o)
 .debug_frame   0x0000000000000890       0x30 /Applications/microchip/xc32/v4.00/bin/bin/../../lib/gcc/pic32mx/8.3.1/../../../../pic32mx/lib/libc-musl.a(rand.o)

.debug_str      0x0000000000000000    0x5f327
 *.elf(.debug_str)
 *(.debug_str)
 .debug_str     0x0000000000000000     0x5bd3 build/default/production/_ext/60165520/plib_clk.o
 .debug_str     0x0000000000005bd3     0x5cc0 build/default/production/_ext/1249264884/plib_coretimer.o
 .debug_str     0x000000000000b893     0x628d build/default/production/_ext/1865200349/plib_evic.o
 .debug_str     0x0000000000011b20     0x5c8f build/default/production/_ext/1865254177/plib_gpio.o
 .debug_str     0x00000000000177af     0x5c56 build/default/production/_ext/1865480137/plib_ocmp1.o
 .debug_str     0x000000000001d405     0x5c56 build/default/production/_ext/1865480137/plib_ocmp2.o
 .debug_str     0x000000000002305b     0x5c3a build/default/production/_ext/60181895/plib_tmr2.o
 .debug_str     0x0000000000028c95     0x5cdf build/default/production/_ext/60181895/plib_tmr3.o
 .debug_str     0x000000000002e974     0x5eb4 build/default/production/_ext/1865657120/plib_uart1.o
 .debug_str     0x0000000000034828      0x2d7 build/default/production/_ext/163028504/xc32_monitor.o
 .debug_str     0x0000000000034aff     0x627e build/default/production/_ext/1881668453/sys_int.o
 .debug_str     0x000000000003ad7d     0x5db7 build/default/production/_ext/1171490990/interrupts.o
 .debug_str     0x0000000000040b34     0x5ea7 build/default/production/_ext/1171490990/exceptions.o
 .debug_str     0x00000000000469db     0x5e47 build/default/production/_ext/1171490990/initialization.o
 .debug_str     0x000000000004c822     0x5d9d build/default/production/_ext/1171490990/tasks.o
 .debug_str     0x00000000000525bf     0x5f3b build/default/production/_ext/1360937237/main.o
 .debug_str     0x00000000000584fa     0x5fca build/default/production/_ext/1360937237/app.o
 .debug_str     0x000000000005e4c4      0x38d /Applications/microchip/xc32/v4.00/bin/bin/../../lib/gcc/pic32mx/8.3.1/../../../../pic32mx/lib/libpic32.a(default-on-reset.o)
 .debug_str     0x000000000005e851      0x395 /Applications/microchip/xc32/v4.00/bin/bin/../../lib/gcc/pic32mx/8.3.1/../../../../pic32mx/lib/libpic32.a(default-on-bootstrap.o)
 .debug_str     0x000000000005ebe6      0x3a7 /Applications/microchip/xc32/v4.00/bin/bin/../../lib/gcc/pic32mx/8.3.1/../../../../pic32mx/lib/libpic32.a(defaultinterrupt.o)
 .debug_str     0x000000000005ef8d      0x39a /Applications/microchip/xc32/v4.00/bin/bin/../../lib/gcc/pic32mx/8.3.1/../../../../pic32mx/lib/libc-musl.a(rand.o)

.debug_loc      0x0000000000000000      0xd40
 *.elf(.debug_loc)
 *(.debug_loc)
 .debug_loc     0x0000000000000000       0xb3 build/default/production/_ext/1249264884/plib_coretimer.o
 .debug_loc     0x00000000000000b3       0xef build/default/production/_ext/1865200349/plib_evic.o
 .debug_loc     0x00000000000001a2      0x172 build/default/production/_ext/1865254177/plib_gpio.o
 .debug_loc     0x0000000000000314       0x16 build/default/production/_ext/60181895/plib_tmr3.o
 .debug_loc     0x000000000000032a      0x4b8 build/default/production/_ext/1865657120/plib_uart1.o
 .debug_loc     0x00000000000007e2       0xe8 build/default/production/_ext/1881668453/sys_int.o
 .debug_loc     0x00000000000008ca       0x25 build/default/production/_ext/1171490990/initialization.o
 .debug_loc     0x00000000000008ef      0x339 build/default/production/_ext/1360937237/main.o
 .debug_loc     0x0000000000000c28       0xf4 build/default/production/_ext/1360937237/app.o
 .debug_loc     0x0000000000000d1c       0x24 /Applications/microchip/xc32/v4.00/bin/bin/../../lib/gcc/pic32mx/8.3.1/../../../../pic32mx/lib/libc-musl.a(rand.o)

.debug_macinfo
 *.elf(.debug_macinfo)
 *(.debug_macinfo)

.debug_weaknames
 *.elf(.debug_weaknames)
 *(.debug_weaknames)

.debug_funcnames
 *.elf(.debug_funcnames)
 *(.debug_funcnames)

.debug_typenames
 *.elf(.debug_typenames)
 *(.debug_typenames)

.debug_varnames
 *.elf(.debug_varnames)
 *(.debug_varnames)

.debug_pubtypes
 *.elf(.debug_pubtypes)
 *(.debug_pubtypes)

.debug_ranges   0x0000000000000000      0x448
 *.elf(.debug_ranges)
 *(.debug_ranges)
 .debug_ranges  0x0000000000000000       0x10 build/default/production/_ext/60165520/plib_clk.o
 .debug_ranges  0x0000000000000010       0x50 build/default/production/_ext/1249264884/plib_coretimer.o
 .debug_ranges  0x0000000000000060       0x58 build/default/production/_ext/1865200349/plib_evic.o
 .debug_ranges  0x00000000000000b8       0x50 build/default/production/_ext/1865254177/plib_gpio.o
 .debug_ranges  0x0000000000000108       0x38 build/default/production/_ext/1865480137/plib_ocmp1.o
 .debug_ranges  0x0000000000000140       0x38 build/default/production/_ext/1865480137/plib_ocmp2.o
 .debug_ranges  0x0000000000000178       0x40 build/default/production/_ext/60181895/plib_tmr2.o
 .debug_ranges  0x00000000000001b8       0x60 build/default/production/_ext/60181895/plib_tmr3.o
 .debug_ranges  0x0000000000000218       0x70 build/default/production/_ext/1865657120/plib_uart1.o
 .debug_ranges  0x0000000000000288       0x18 build/default/production/_ext/163028504/xc32_monitor.o
 .debug_ranges  0x00000000000002a0       0x30 build/default/production/_ext/1881668453/sys_int.o
 .debug_ranges  0x00000000000002d0       0x10 build/default/production/_ext/1171490990/interrupts.o
 .debug_ranges  0x00000000000002e0       0x18 build/default/production/_ext/1171490990/exceptions.o
 .debug_ranges  0x00000000000002f8       0x10 build/default/production/_ext/1171490990/initialization.o
 .debug_ranges  0x0000000000000308       0x10 build/default/production/_ext/1171490990/tasks.o
 .debug_ranges  0x0000000000000318       0xb8 build/default/production/_ext/1360937237/main.o
 .debug_ranges  0x00000000000003d0       0x30 build/default/production/_ext/1360937237/app.o
 .debug_ranges  0x0000000000000400       0x10 /Applications/microchip/xc32/v4.00/bin/bin/../../lib/gcc/pic32mx/8.3.1/../../../../pic32mx/lib/libpic32.a(default-on-reset.o)
 .debug_ranges  0x0000000000000410       0x10 /Applications/microchip/xc32/v4.00/bin/bin/../../lib/gcc/pic32mx/8.3.1/../../../../pic32mx/lib/libpic32.a(default-on-bootstrap.o)
 .debug_ranges  0x0000000000000420       0x10 /Applications/microchip/xc32/v4.00/bin/bin/../../lib/gcc/pic32mx/8.3.1/../../../../pic32mx/lib/libpic32.a(defaultinterrupt.o)
 .debug_ranges  0x0000000000000430       0x18 /Applications/microchip/xc32/v4.00/bin/bin/../../lib/gcc/pic32mx/8.3.1/../../../../pic32mx/lib/libc-musl.a(rand.o)

.gnu.attributes
                0x0000000000000000       0x10
 *(.gnu.attributes)
 .gnu.attributes
                0x0000000000000000       0x10 /Applications/microchip/xc32/v4.00/bin/bin/../../lib/gcc/pic32mx/8.3.1/../../../../pic32mx/lib/debug-exception-return.o
 .gnu.attributes
                0x0000000000000010       0x10 build/default/production/_ext/60165520/plib_clk.o
 .gnu.attributes
                0x0000000000000020       0x10 build/default/production/_ext/1249264884/plib_coretimer.o
 .gnu.attributes
                0x0000000000000030       0x10 build/default/production/_ext/1865200349/plib_evic.o
 .gnu.attributes
                0x0000000000000040       0x10 build/default/production/_ext/1865254177/plib_gpio.o
 .gnu.attributes
                0x0000000000000050       0x10 build/default/production/_ext/1865480137/plib_ocmp1.o
 .gnu.attributes
                0x0000000000000060       0x10 build/default/production/_ext/1865480137/plib_ocmp2.o
 .gnu.attributes
                0x0000000000000070       0x10 build/default/production/_ext/60181895/plib_tmr2.o
 .gnu.attributes
                0x0000000000000080       0x10 build/default/production/_ext/60181895/plib_tmr3.o
 .gnu.attributes
                0x0000000000000090       0x10 build/default/production/_ext/1865657120/plib_uart1.o
 .gnu.attributes
                0x00000000000000a0       0x10 build/default/production/_ext/163028504/xc32_monitor.o
 .gnu.attributes
                0x00000000000000b0       0x10 build/default/production/_ext/1881668453/sys_int.o
 .gnu.attributes
                0x00000000000000c0       0x10 build/default/production/_ext/1171490990/interrupts.o
 .gnu.attributes
                0x00000000000000d0       0x10 build/default/production/_ext/1171490990/exceptions.o
 .gnu.attributes
                0x00000000000000e0       0x10 build/default/production/_ext/1171490990/initialization.o
 .gnu.attributes
                0x00000000000000f0       0x10 build/default/production/_ext/1171490990/tasks.o
 .gnu.attributes
                0x0000000000000100       0x10 build/default/production/_ext/1360937237/main.o
 .gnu.attributes
                0x0000000000000110       0x10 build/default/production/_ext/1360937237/app.o
 .gnu.attributes
                0x0000000000000120       0x10 /var/folders/25/0yt_x61x4ds8fncmf4973fpw0000gn/T//ccKYsYAC.o
 .gnu.attributes
                0x0000000000000130       0x10 /var/folders/25/0yt_x61x4ds8fncmf4973fpw0000gn/T//ccZMtzE3.o
 .gnu.attributes
                0x0000000000000140       0x10 /var/folders/25/0yt_x61x4ds8fncmf4973fpw0000gn/T//cc8AgyWv.o
 .gnu.attributes
                0x0000000000000150       0x10 /Applications/microchip/xc32/v4.00/bin/bin/../../lib/gcc/pic32mx/8.3.1/../../../../pic32mx/lib/pic32_software_reset.o
 .gnu.attributes
                0x0000000000000160       0x10 /Applications/microchip/xc32/v4.00/bin/bin/../../lib/gcc/pic32mx/8.3.1/../../../../pic32mx/lib/libpic32.a(default-on-reset.o)
 .gnu.attributes
                0x0000000000000170       0x10 /Applications/microchip/xc32/v4.00/bin/bin/../../lib/gcc/pic32mx/8.3.1/../../../../pic32mx/lib/libpic32.a(default-on-bootstrap.o)
 .gnu.attributes
                0x0000000000000180       0x10 /Applications/microchip/xc32/v4.00/bin/bin/../../lib/gcc/pic32mx/8.3.1/../../../../pic32mx/lib/libpic32.a(default-nmi-handler.o)
 .gnu.attributes
                0x0000000000000190       0x10 /Applications/microchip/xc32/v4.00/bin/bin/../../lib/gcc/pic32mx/8.3.1/../../../../pic32mx/lib/libpic32.a(pic32_data_init.o)
 .gnu.attributes
                0x00000000000001a0       0x10 /Applications/microchip/xc32/v4.00/bin/bin/../../lib/gcc/pic32mx/8.3.1/../../../../pic32mx/lib/libpic32.a(general-exception.o)
 .gnu.attributes
                0x00000000000001b0       0x10 /Applications/microchip/xc32/v4.00/bin/bin/../../lib/gcc/pic32mx/8.3.1/../../../../pic32mx/lib/libpic32.a(vector0.o)
 .gnu.attributes
                0x00000000000001c0       0x10 /Applications/microchip/xc32/v4.00/bin/bin/../../lib/gcc/pic32mx/8.3.1/../../../../pic32mx/lib/libpic32.a(vector1.o)
 .gnu.attributes
                0x00000000000001d0       0x10 /Applications/microchip/xc32/v4.00/bin/bin/../../lib/gcc/pic32mx/8.3.1/../../../../pic32mx/lib/libpic32.a(vector2.o)
 .gnu.attributes
                0x00000000000001e0       0x10 /Applications/microchip/xc32/v4.00/bin/bin/../../lib/gcc/pic32mx/8.3.1/../../../../pic32mx/lib/libpic32.a(vector3.o)
 .gnu.attributes
                0x00000000000001f0       0x10 /Applications/microchip/xc32/v4.00/bin/bin/../../lib/gcc/pic32mx/8.3.1/../../../../pic32mx/lib/libpic32.a(vector4.o)
 .gnu.attributes
                0x0000000000000200       0x10 /Applications/microchip/xc32/v4.00/bin/bin/../../lib/gcc/pic32mx/8.3.1/../../../../pic32mx/lib/libpic32.a(vector5.o)
 .gnu.attributes
                0x0000000000000210       0x10 /Applications/microchip/xc32/v4.00/bin/bin/../../lib/gcc/pic32mx/8.3.1/../../../../pic32mx/lib/libpic32.a(vector6.o)
 .gnu.attributes
                0x0000000000000220       0x10 /Applications/microchip/xc32/v4.00/bin/bin/../../lib/gcc/pic32mx/8.3.1/../../../../pic32mx/lib/libpic32.a(vector7.o)
 .gnu.attributes
                0x0000000000000230       0x10 /Applications/microchip/xc32/v4.00/bin/bin/../../lib/gcc/pic32mx/8.3.1/../../../../pic32mx/lib/libpic32.a(vector8.o)
 .gnu.attributes
                0x0000000000000240       0x10 /Applications/microchip/xc32/v4.00/bin/bin/../../lib/gcc/pic32mx/8.3.1/../../../../pic32mx/lib/libpic32.a(vector9.o)
 .gnu.attributes
                0x0000000000000250       0x10 /Applications/microchip/xc32/v4.00/bin/bin/../../lib/gcc/pic32mx/8.3.1/../../../../pic32mx/lib/libpic32.a(vector10.o)
 .gnu.attributes
                0x0000000000000260       0x10 /Applications/microchip/xc32/v4.00/bin/bin/../../lib/gcc/pic32mx/8.3.1/../../../../pic32mx/lib/libpic32.a(vector11.o)
 .gnu.attributes
                0x0000000000000270       0x10 /Applications/microchip/xc32/v4.00/bin/bin/../../lib/gcc/pic32mx/8.3.1/../../../../pic32mx/lib/libpic32.a(vector13.o)
 .gnu.attributes
                0x0000000000000280       0x10 /Applications/microchip/xc32/v4.00/bin/bin/../../lib/gcc/pic32mx/8.3.1/../../../../pic32mx/lib/libpic32.a(vector14.o)
 .gnu.attributes
                0x0000000000000290       0x10 /Applications/microchip/xc32/v4.00/bin/bin/../../lib/gcc/pic32mx/8.3.1/../../../../pic32mx/lib/libpic32.a(vector15.o)
 .gnu.attributes
                0x00000000000002a0       0x10 /Applications/microchip/xc32/v4.00/bin/bin/../../lib/gcc/pic32mx/8.3.1/../../../../pic32mx/lib/libpic32.a(vector16.o)
 .gnu.attributes
                0x00000000000002b0       0x10 /Applications/microchip/xc32/v4.00/bin/bin/../../lib/gcc/pic32mx/8.3.1/../../../../pic32mx/lib/libpic32.a(vector17.o)
 .gnu.attributes
                0x00000000000002c0       0x10 /Applications/microchip/xc32/v4.00/bin/bin/../../lib/gcc/pic32mx/8.3.1/../../../../pic32mx/lib/libpic32.a(vector18.o)
 .gnu.attributes
                0x00000000000002d0       0x10 /Applications/microchip/xc32/v4.00/bin/bin/../../lib/gcc/pic32mx/8.3.1/../../../../pic32mx/lib/libpic32.a(vector19.o)
 .gnu.attributes
                0x00000000000002e0       0x10 /Applications/microchip/xc32/v4.00/bin/bin/../../lib/gcc/pic32mx/8.3.1/../../../../pic32mx/lib/libpic32.a(vector20.o)
 .gnu.attributes
                0x00000000000002f0       0x10 /Applications/microchip/xc32/v4.00/bin/bin/../../lib/gcc/pic32mx/8.3.1/../../../../pic32mx/lib/libpic32.a(vector21.o)
 .gnu.attributes
                0x0000000000000300       0x10 /Applications/microchip/xc32/v4.00/bin/bin/../../lib/gcc/pic32mx/8.3.1/../../../../pic32mx/lib/libpic32.a(vector22.o)
 .gnu.attributes
                0x0000000000000310       0x10 /Applications/microchip/xc32/v4.00/bin/bin/../../lib/gcc/pic32mx/8.3.1/../../../../pic32mx/lib/libpic32.a(vector23.o)
 .gnu.attributes
                0x0000000000000320       0x10 /Applications/microchip/xc32/v4.00/bin/bin/../../lib/gcc/pic32mx/8.3.1/../../../../pic32mx/lib/libpic32.a(vector24.o)
 .gnu.attributes
                0x0000000000000330       0x10 /Applications/microchip/xc32/v4.00/bin/bin/../../lib/gcc/pic32mx/8.3.1/../../../../pic32mx/lib/libpic32.a(vector25.o)
 .gnu.attributes
                0x0000000000000340       0x10 /Applications/microchip/xc32/v4.00/bin/bin/../../lib/gcc/pic32mx/8.3.1/../../../../pic32mx/lib/libpic32.a(vector26.o)
 .gnu.attributes
                0x0000000000000350       0x10 /Applications/microchip/xc32/v4.00/bin/bin/../../lib/gcc/pic32mx/8.3.1/../../../../pic32mx/lib/libpic32.a(vector27.o)
 .gnu.attributes
                0x0000000000000360       0x10 /Applications/microchip/xc32/v4.00/bin/bin/../../lib/gcc/pic32mx/8.3.1/../../../../pic32mx/lib/libpic32.a(vector28.o)
 .gnu.attributes
                0x0000000000000370       0x10 /Applications/microchip/xc32/v4.00/bin/bin/../../lib/gcc/pic32mx/8.3.1/../../../../pic32mx/lib/libpic32.a(vector29.o)
 .gnu.attributes
                0x0000000000000380       0x10 /Applications/microchip/xc32/v4.00/bin/bin/../../lib/gcc/pic32mx/8.3.1/../../../../pic32mx/lib/libpic32.a(vector30.o)
 .gnu.attributes
                0x0000000000000390       0x10 /Applications/microchip/xc32/v4.00/bin/bin/../../lib/gcc/pic32mx/8.3.1/../../../../pic32mx/lib/libpic32.a(vector31.o)
 .gnu.attributes
                0x00000000000003a0       0x10 /Applications/microchip/xc32/v4.00/bin/bin/../../lib/gcc/pic32mx/8.3.1/../../../../pic32mx/lib/libpic32.a(vector32.o)
 .gnu.attributes
                0x00000000000003b0       0x10 /Applications/microchip/xc32/v4.00/bin/bin/../../lib/gcc/pic32mx/8.3.1/../../../../pic32mx/lib/libpic32.a(vector33.o)
 .gnu.attributes
                0x00000000000003c0       0x10 /Applications/microchip/xc32/v4.00/bin/bin/../../lib/gcc/pic32mx/8.3.1/../../../../pic32mx/lib/libpic32.a(vector34.o)
 .gnu.attributes
                0x00000000000003d0       0x10 /Applications/microchip/xc32/v4.00/bin/bin/../../lib/gcc/pic32mx/8.3.1/../../../../pic32mx/lib/libpic32.a(vector35.o)
 .gnu.attributes
                0x00000000000003e0       0x10 /Applications/microchip/xc32/v4.00/bin/bin/../../lib/gcc/pic32mx/8.3.1/../../../../pic32mx/lib/libpic32.a(vector36.o)
 .gnu.attributes
                0x00000000000003f0       0x10 /Applications/microchip/xc32/v4.00/bin/bin/../../lib/gcc/pic32mx/8.3.1/../../../../pic32mx/lib/libpic32.a(vector37.o)
 .gnu.attributes
                0x0000000000000400       0x10 /Applications/microchip/xc32/v4.00/bin/bin/../../lib/gcc/pic32mx/8.3.1/../../../../pic32mx/lib/libpic32.a(vector38.o)
 .gnu.attributes
                0x0000000000000410       0x10 /Applications/microchip/xc32/v4.00/bin/bin/../../lib/gcc/pic32mx/8.3.1/../../../../pic32mx/lib/libpic32.a(vector39.o)
 .gnu.attributes
                0x0000000000000420       0x10 /Applications/microchip/xc32/v4.00/bin/bin/../../lib/gcc/pic32mx/8.3.1/../../../../pic32mx/lib/libpic32.a(vector40.o)
 .gnu.attributes
                0x0000000000000430       0x10 /Applications/microchip/xc32/v4.00/bin/bin/../../lib/gcc/pic32mx/8.3.1/../../../../pic32mx/lib/libpic32.a(vector41.o)
 .gnu.attributes
                0x0000000000000440       0x10 /Applications/microchip/xc32/v4.00/bin/bin/../../lib/gcc/pic32mx/8.3.1/../../../../pic32mx/lib/libpic32.a(vector42.o)
 .gnu.attributes
                0x0000000000000450       0x10 /Applications/microchip/xc32/v4.00/bin/bin/../../lib/gcc/pic32mx/8.3.1/../../../../pic32mx/lib/libpic32.a(vector43.o)
 .gnu.attributes
                0x0000000000000460       0x10 /Applications/microchip/xc32/v4.00/bin/bin/../../lib/gcc/pic32mx/8.3.1/../../../../pic32mx/lib/libpic32.a(defaultinterrupt.o)
 .gnu.attributes
                0x0000000000000470       0x10 /Applications/microchip/xc32/v4.00/bin/bin/../../lib/gcc/pic32mx/8.3.1/../../../../pic32mx/lib/libc-musl.a(rand.o)
 .gnu.attributes
                0x0000000000000480       0x10 /Applications/microchip/xc32/v4.00/bin/bin/../../lib/gcc/pic32mx/8.3.1/../../../../pic32mx/lib/libm.a(dp32mul.o)
 .gnu.attributes
                0x0000000000000490       0x10 /Applications/microchip/xc32/v4.00/bin/bin/../../lib/gcc/pic32mx/8.3.1/../../../../pic32mx/lib/libm.a(dp32subadd.o)
 .gnu.attributes
                0x00000000000004a0       0x10 /Applications/microchip/xc32/v4.00/bin/bin/../../lib/gcc/pic32mx/8.3.1/../../../../pic32mx/lib/libm.a(dptoul.o)
 .gnu.attributes
                0x00000000000004b0       0x10 /Applications/microchip/xc32/v4.00/bin/bin/../../lib/gcc/pic32mx/8.3.1/../../../../pic32mx/lib/libm.a(litodp.o)
                0x0000000000000200                _min_heap_size = 0x200
LOAD /var/folders/25/0yt_x61x4ds8fncmf4973fpw0000gn/T//ccKYsYAC.o
LOAD /var/folders/25/0yt_x61x4ds8fncmf4973fpw0000gn/T//ccZMtzE3.o
LOAD /var/folders/25/0yt_x61x4ds8fncmf4973fpw0000gn/T//cc8AgyWv.o
LOAD /Applications/microchip/xc32/v4.00/bin/bin/../../lib/gcc/pic32mx/8.3.1/../../../../pic32mx/lib/pic32_software_reset.o
LOAD /Applications/microchip/xc32/v4.00/bin/bin/../../lib/gcc/pic32mx/8.3.1/libgcc.a
START GROUP
LOAD /Applications/microchip/xc32/v4.00/bin/bin/../../lib/gcc/pic32mx/8.3.1/../../../../pic32mx/lib/libpic32.a
LOAD /Applications/microchip/xc32/v4.00/bin/bin/../../lib/gcc/pic32mx/8.3.1/../../../../pic32mx/lib/libdebug.a
LOAD /Applications/microchip/xc32/v4.00/bin/bin/../../lib/gcc/pic32mx/8.3.1/../../../../pic32mx/lib/libc-musl.a
LOAD /Applications/microchip/xc32/v4.00/bin/bin/../../lib/gcc/pic32mx/8.3.1/../../../../pic32mx/lib/libm.a
LOAD /Applications/microchip/xc32/v4.00/bin/bin/../../lib/gcc/pic32mx/8.3.1/../../../../pic32mx/lib/libe.a
LOAD /Applications/microchip/xc32/v4.00/bin/bin/../../lib/gcc/pic32mx/8.3.1/../../../../pic32mx/lib/libm-musl.a
LOAD /Applications/microchip/xc32/v4.00/bin/bin/../../lib/gcc/pic32mx/8.3.1/../../../../pic32mx/lib/libdsp.a
END GROUP
LOAD /Applications/microchip/xc32/v4.00/bin/bin/../../lib/gcc/pic32mx/8.3.1/libgcc.a
OUTPUT(dist/default/production/calion_remake_alpha.X.production.elf elf32-tradlittlemips)
LOAD stack
LOAD data_init

.reginfo        0x0000000000000000       0x18
 .reginfo       0x0000000000000000       0x18 /Applications/microchip/xc32/v4.00/bin/bin/../../lib/gcc/pic32mx/8.3.1/../../../../pic32mx/lib/debug-exception-return.o

.stack          0x00000000a00023d8      0x400
 .stack         0x00000000a00023d8      0x400 stack

.data.wt_attak1
                0x00000000a000001c     0x170a
 .data.wt_attak1
                0x00000000a000001c     0x170a build/default/production/_ext/1360937237/main.o

.data.envelope_table1
                0x00000000a0001728      0x400
 .data.envelope_table1
                0x00000000a0001728      0x400 build/default/production/_ext/1360937237/main.o

.data.wt_sustain1
                0x00000000a0001b28      0x324
 .data.wt_sustain1
                0x00000000a0001b28      0x324 build/default/production/_ext/1360937237/main.o

.bss.sensorStatus
                0x00000000a0001e4c       0x64
 .bss.sensorStatus
                0x00000000a0001e4c       0x64 build/default/production/_ext/1360937237/app.o
                0x00000000a0001e4c                sensorStatus

.bss.sensorData
                0x00000000a0001eb0       0x64
 .bss.sensorData
                0x00000000a0001eb0       0x64 build/default/production/_ext/1360937237/app.o
                0x00000000a0001eb0                sensorData

.bss.receiveBuffer
                0x00000000a0001f14       0x64
 .bss.receiveBuffer
                0x00000000a0001f14       0x64 build/default/production/_ext/1360937237/app.o
                0x00000000a0001f14                receiveBuffer

.bss.envelope_positions_envpot2
                0x00000000a0001f78       0x60
 .bss.envelope_positions_envpot2
                0x00000000a0001f78       0x60 build/default/production/_ext/1360937237/main.o
                0x00000000a0001f78                envelope_positions_envpot2

.bss.phase_accu_pot2
                0x00000000a0001fd8       0x60
 .bss.phase_accu_pot2
                0x00000000a0001fd8       0x60 build/default/production/_ext/1360937237/main.o
                0x00000000a0001fd8                phase_accu_pot2

.bss.increments_pot2
                0x00000000a0002038       0x60
 .bss.increments_pot2
                0x00000000a0002038       0x60 build/default/production/_ext/1360937237/main.o
                0x00000000a0002038                increments_pot2

.bss.envelope_positions_envpot1
                0x00000000a0002098       0x60
 .bss.envelope_positions_envpot1
                0x00000000a0002098       0x60 build/default/production/_ext/1360937237/main.o
                0x00000000a0002098                envelope_positions_envpot1

.bss.phase_accu_pot1
                0x00000000a00020f8       0x60
 .bss.phase_accu_pot1
                0x00000000a00020f8       0x60 build/default/production/_ext/1360937237/main.o
                0x00000000a00020f8                phase_accu_pot1

.bss.increments_pot1
                0x00000000a0002158       0x60
 .bss.increments_pot1
                0x00000000a0002158       0x60 build/default/production/_ext/1360937237/main.o
                0x00000000a0002158                increments_pot1

.bss            0x00000000a00021b8        0x4
 .bss           0x00000000a00021b8        0x4 /Applications/microchip/xc32/v4.00/bin/bin/../../lib/gcc/pic32mx/8.3.1/../../../../pic32mx/lib/libc-musl.a(rand.o)

._debug_exception
                0x00000000bfc00480       0x2c
 ._debug_exception
                0x00000000bfc00480       0x2c /Applications/microchip/xc32/v4.00/bin/bin/../../lib/gcc/pic32mx/8.3.1/../../../../pic32mx/lib/debug-exception-return.o
                0x00000000bfc00480                __DbgExecReturn

.config_BFC00BF0.__config_BFC00BF0
                0x00000000bfc00bf0        0x4
 .config_BFC00BF0.__config_BFC00BF0
                0x00000000bfc00bf0        0x4 build/default/production/_ext/1171490990/initialization.o
                0x00000000bfc00bf0                __config_BFC00BF0

.config_BFC00BF4.__config_BFC00BF4
                0x00000000bfc00bf4        0x4
 .config_BFC00BF4.__config_BFC00BF4
                0x00000000bfc00bf4        0x4 build/default/production/_ext/1171490990/initialization.o
                0x00000000bfc00bf4                __config_BFC00BF4

.config_BFC00BF8.__config_BFC00BF8
                0x00000000bfc00bf8        0x4
 .config_BFC00BF8.__config_BFC00BF8
                0x00000000bfc00bf8        0x4 build/default/production/_ext/1171490990/initialization.o
                0x00000000bfc00bf8                __config_BFC00BF8

.config_BFC00BFC.__config_BFC00BFC
                0x00000000bfc00bfc        0x4
 .config_BFC00BFC.__config_BFC00BFC
                0x00000000bfc00bfc        0x4 build/default/production/_ext/1171490990/initialization.o
                0x00000000bfc00bfc                __config_BFC00BFC

.dinit          0x000000009d000000     0xb710
 .dinit         0x000000009d000000     0xb710 data_init

.rodata.wt_attak2
                0x000000009d00b710     0x15fc
 .rodata.wt_attak2
                0x000000009d00b710     0x15fc build/default/production/_ext/1360937237/main.o

.text.dp32subadd
                0x000000009d00cd0c      0x430
 .text.dp32subadd
                0x000000009d00cd0c      0x430 /Applications/microchip/xc32/v4.00/bin/bin/../../lib/gcc/pic32mx/8.3.1/../../../../pic32mx/lib/libm.a(dp32subadd.o)
                0x000000009d00cd0c                dpsub
                0x000000009d00cd0c                __subdf3
                0x000000009d00cd14                __adddf3
                0x000000009d00cd14                dpadd

.rodata.envelope_table2
                0x000000009d00d13c      0x400
 .rodata.envelope_table2
                0x000000009d00d13c      0x400 build/default/production/_ext/1360937237/main.o

.text.dp32mul   0x000000009d00d53c      0x32c
 .text.dp32mul  0x000000009d00d53c      0x32c /Applications/microchip/xc32/v4.00/bin/bin/../../lib/gcc/pic32mx/8.3.1/../../../../pic32mx/lib/libm.a(dp32mul.o)
                0x000000009d00d53c                dpmul
                0x000000009d00d53c                __muldf3

.rodata.wt_sustain2
                0x000000009d00d868      0x324
 .rodata.wt_sustain2
                0x000000009d00d868      0x324 build/default/production/_ext/1360937237/main.o

.text.playSound
                0x000000009d00db8c      0x278
 .text.playSound
                0x000000009d00db8c      0x278 build/default/production/_ext/1360937237/main.o
                0x000000009d00db8c                playSound

.text.tmr3EventHandler
                0x000000009d00de04      0x260
 .text.tmr3EventHandler
                0x000000009d00de04      0x260 build/default/production/_ext/1360937237/main.o

.text.APP_Tasks
                0x000000009d00e064      0x244
 .text.APP_Tasks
                0x000000009d00e064      0x244 build/default/production/_ext/1360937237/app.o
                0x000000009d00e064                APP_Tasks

.text.TIMER_3_Handler
                0x000000009d00e2a8      0x110
 .text.TIMER_3_Handler
                0x000000009d00e2a8      0x110 build/default/production/_ext/1171490990/interrupts.o
                0x000000009d00e2a8                TIMER_3_Handler

.rodata.scale_table
                0x000000009d00e3b8       0xf8
 .rodata.scale_table
                0x000000009d00e3b8       0xf8 build/default/production/_ext/1360937237/main.o

.text.main      0x000000009d00e4b0       0xdc
 .text.main     0x000000009d00e4b0       0xdc build/default/production/_ext/1360937237/main.o
                0x000000009d00e4b0                main

.text.general_exception
                0x000000009d00e58c       0xdc
 .text.general_exception
                0x000000009d00e58c       0xdc /Applications/microchip/xc32/v4.00/bin/bin/../../lib/gcc/pic32mx/8.3.1/../../../../pic32mx/lib/libpic32.a(general-exception.o)
                0x000000009d00e58c                _general_exception_context

.text.UART1_Read
                0x000000009d00e668       0xc0
 .text.UART1_Read
                0x000000009d00e668       0xc0 build/default/production/_ext/1865657120/plib_uart1.o
                0x000000009d00e668                UART1_Read

.text.CLK_Initialize
                0x000000009d00e728       0xa8
 .text.CLK_Initialize
                0x000000009d00e728       0xa8 build/default/production/_ext/60165520/plib_clk.o
                0x000000009d00e728                CLK_Initialize

.text.SYS_Initialize
                0x000000009d00e7d0       0x94
 .text.SYS_Initialize
                0x000000009d00e7d0       0x94 build/default/production/_ext/1171490990/initialization.o
                0x000000009d00e7d0                SYS_Initialize

.text           0x000000009d00e864       0x8c
 .text          0x000000009d00e864       0x8c /Applications/microchip/xc32/v4.00/bin/bin/../../lib/gcc/pic32mx/8.3.1/../../../../pic32mx/lib/libpic32.a(pic32_data_init.o)
                0x000000009d00e864                __pic32_data_init

.text.dptoul    0x000000009d00e8f0       0x8c
 .text.dptoul   0x000000009d00e8f0       0x8c /Applications/microchip/xc32/v4.00/bin/bin/../../lib/gcc/pic32mx/8.3.1/../../../../pic32mx/lib/libm.a(dptoul.o)
                0x000000009d00e8f0                __fixunsdfsi
                0x000000009d00e8f0                dptoul

.text.litodp    0x000000009d00e97c       0x78
 .text.litodp   0x000000009d00e97c       0x78 /Applications/microchip/xc32/v4.00/bin/bin/../../lib/gcc/pic32mx/8.3.1/../../../../pic32mx/lib/libm.a(litodp.o)
                0x000000009d00e97c                __floatsidf
                0x000000009d00e97c                litodp

.text.GPIO_Initialize
                0x000000009d00e9f4       0x70
 .text.GPIO_Initialize
                0x000000009d00e9f4       0x70 build/default/production/_ext/1865254177/plib_gpio.o
                0x000000009d00e9f4                GPIO_Initialize

.text.UART1_ErrorClear
                0x000000009d00ea64       0x64
 .text.UART1_ErrorClear
                0x000000009d00ea64       0x64 build/default/production/_ext/1865657120/plib_uart1.o

.text.main_entry
                0x000000009d00eac8       0x54
 .text.main_entry
                0x000000009d00eac8       0x54 /var/folders/25/0yt_x61x4ds8fncmf4973fpw0000gn/T//ccKYsYAC.o
                0x000000009d00eafc                __crt0_exit

.vector_default
                0x000000009d00eb1c       0x48
 .vector_default
                0x000000009d00eb1c       0x48 /Applications/microchip/xc32/v4.00/bin/bin/../../lib/gcc/pic32mx/8.3.1/../../../../pic32mx/lib/libpic32.a(defaultinterrupt.o)
                0x000000009d00eb1c                _DefaultInterrupt

.text.UART1_ErrorGet
                0x000000009d00eb64       0x44
 .text.UART1_ErrorGet
                0x000000009d00eb64       0x44 build/default/production/_ext/1865657120/plib_uart1.o
                0x000000009d00eb64                UART1_ErrorGet

.text           0x000000009d00eba8       0x44
 .text          0x000000009d00eba8       0x44 /Applications/microchip/xc32/v4.00/bin/bin/../../lib/gcc/pic32mx/8.3.1/../../../../pic32mx/lib/pic32_software_reset.o
                0x000000009d00eba8                __pic32_software_reset

.text.TIMER_3_InterruptHandler
                0x000000009d00ebec       0x40
 .text.TIMER_3_InterruptHandler
                0x000000009d00ebec       0x40 build/default/production/_ext/60181895/plib_tmr3.o
                0x000000009d00ebec                TIMER_3_InterruptHandler

.text.CORETIMER_Initialize
                0x000000009d00ec2c       0x3c
 .text.CORETIMER_Initialize
                0x000000009d00ec2c       0x3c build/default/production/_ext/1249264884/plib_coretimer.o
                0x000000009d00ec2c                CORETIMER_Initialize

.text.CORETIMER_DelayMs
                0x000000009d00ec68       0x3c
 .text.CORETIMER_DelayMs
                0x000000009d00ec68       0x3c build/default/production/_ext/1249264884/plib_coretimer.o
                0x000000009d00ec68                CORETIMER_DelayMs

.text.TMR3_Initialize
                0x000000009d00eca4       0x3c
 .text.TMR3_Initialize
                0x000000009d00eca4       0x3c build/default/production/_ext/60181895/plib_tmr3.o
                0x000000009d00eca4                TMR3_Initialize

.text.UART1_Initialize
                0x000000009d00ece0       0x38
 .text.UART1_Initialize
                0x000000009d00ece0       0x38 build/default/production/_ext/1865657120/plib_uart1.o
                0x000000009d00ece0                UART1_Initialize

.text.TMR2_Initialize
                0x000000009d00ed18       0x30
 .text.TMR2_Initialize
                0x000000009d00ed18       0x30 build/default/production/_ext/60181895/plib_tmr2.o
                0x000000009d00ed18                TMR2_Initialize

.text.OCMP1_Initialize
                0x000000009d00ed48       0x28
 .text.OCMP1_Initialize
                0x000000009d00ed48       0x28 build/default/production/_ext/1865480137/plib_ocmp1.o
                0x000000009d00ed48                OCMP1_Initialize

.text.OCMP2_Initialize
                0x000000009d00ed70       0x28
 .text.OCMP2_Initialize
                0x000000009d00ed70       0x28 build/default/production/_ext/1865480137/plib_ocmp2.o
                0x000000009d00ed70                OCMP2_Initialize

.text.rand      0x000000009d00ed98       0x24
 .text.rand     0x000000009d00ed98       0x24 /Applications/microchip/xc32/v4.00/bin/bin/../../lib/gcc/pic32mx/8.3.1/../../../../pic32mx/lib/libc-musl.a(rand.o)
                0x000000009d00ed98                rand

.text.EVIC_Initialize
                0x000000009d00edbc       0x20
 .text.EVIC_Initialize
                0x000000009d00edbc       0x20 build/default/production/_ext/1865200349/plib_evic.o
                0x000000009d00edbc                EVIC_Initialize

.rodata.scale   0x000000009d00eddc       0x20
 .rodata.scale  0x000000009d00eddc       0x20 build/default/production/_ext/1360937237/app.o

.text.SYS_Tasks
                0x000000009d00edfc       0x1c
 .text.SYS_Tasks
                0x000000009d00edfc       0x1c build/default/production/_ext/1171490990/tasks.o
                0x000000009d00edfc                SYS_Tasks

.MIPS.abiflags  0x000000009d00ee18       0x18
 .MIPS.abiflags
                0x000000009d00ee18       0x18 /Applications/microchip/xc32/v4.00/bin/bin/../../lib/gcc/pic32mx/8.3.1/../../../../pic32mx/lib/debug-exception-return.o

.text._general_exception_handler
                0x000000009d00ee30       0x18
 .text._general_exception_handler
                0x000000009d00ee30       0x18 build/default/production/_ext/1171490990/exceptions.o
                0x000000009d00ee30                _general_exception_handler

.text._bootstrap_exception_handler
                0x000000009d00ee48       0x18
 .text._bootstrap_exception_handler
                0x000000009d00ee48       0x18 build/default/production/_ext/1171490990/exceptions.o
                0x000000009d00ee48                _bootstrap_exception_handler

.text           0x000000009d00ee60       0x18
 .text          0x000000009d00ee60       0x18 /Applications/microchip/xc32/v4.00/bin/bin/../../lib/gcc/pic32mx/8.3.1/../../../../pic32mx/lib/libpic32.a(default-nmi-handler.o)
                0x000000009d00ee60                _nmi_handler

.text.OCMP1_Enable
                0x000000009d00ee78       0x14
 .text.OCMP1_Enable
                0x000000009d00ee78       0x14 build/default/production/_ext/1865480137/plib_ocmp1.o
                0x000000009d00ee78                OCMP1_Enable

.text.OCMP2_Enable
                0x000000009d00ee8c       0x14
 .text.OCMP2_Enable
                0x000000009d00ee8c       0x14 build/default/production/_ext/1865480137/plib_ocmp2.o
                0x000000009d00ee8c                OCMP2_Enable

.text.TMR2_Start
                0x000000009d00eea0       0x14
 .text.TMR2_Start
                0x000000009d00eea0       0x14 build/default/production/_ext/60181895/plib_tmr2.o
                0x000000009d00eea0                TMR2_Start

.text.TMR3_Start
                0x000000009d00eeb4       0x14
 .text.TMR3_Start
                0x000000009d00eeb4       0x14 build/default/production/_ext/60181895/plib_tmr3.o
                0x000000009d00eeb4                TMR3_Start

.text.OCMP1_CompareSecondaryValueSet
                0x000000009d00eec8       0x10
 .text.OCMP1_CompareSecondaryValueSet
                0x000000009d00eec8       0x10 build/default/production/_ext/1865480137/plib_ocmp1.o
                0x000000009d00eec8                OCMP1_CompareSecondaryValueSet

.text.OCMP2_CompareSecondaryValueSet
                0x000000009d00eed8       0x10
 .text.OCMP2_CompareSecondaryValueSet
                0x000000009d00eed8       0x10 build/default/production/_ext/1865480137/plib_ocmp2.o
                0x000000009d00eed8                OCMP2_CompareSecondaryValueSet

.text.TMR3_CallbackRegister
                0x000000009d00eee8       0x10
 .text.TMR3_CallbackRegister
                0x000000009d00eee8       0x10 build/default/production/_ext/60181895/plib_tmr3.o
                0x000000009d00eee8                TMR3_CallbackRegister

.text.UART1_ReceiverIsReady
                0x000000009d00eef8       0x10
 .text.UART1_ReceiverIsReady
                0x000000009d00eef8       0x10 build/default/production/_ext/1865657120/plib_uart1.o
                0x000000009d00eef8                UART1_ReceiverIsReady

.text.APP_Initialize
                0x000000009d00ef08       0x10
 .text.APP_Initialize
                0x000000009d00ef08       0x10 build/default/production/_ext/1360937237/app.o
                0x000000009d00ef08                APP_Initialize

.rodata.cst8    0x000000009d00ef18        0x8
 .rodata.cst8   0x000000009d00ef18        0x8 build/default/production/_ext/1360937237/main.o

.text._on_reset
                0x000000009d00ef20        0x8
 .text._on_reset
                0x000000009d00ef20        0x8 /Applications/microchip/xc32/v4.00/bin/bin/../../lib/gcc/pic32mx/8.3.1/../../../../pic32mx/lib/libpic32.a(default-on-reset.o)
                0x000000009d00ef20                _on_reset

.text._on_bootstrap
                0x000000009d00ef28        0x8
 .text._on_bootstrap
                0x000000009d00ef28        0x8 /Applications/microchip/xc32/v4.00/bin/bin/../../lib/gcc/pic32mx/8.3.1/../../../../pic32mx/lib/libpic32.a(default-on-bootstrap.o)
                0x000000009d00ef28                _on_bootstrap

.rodata.startup_scale
                0x000000009d00ef30        0x4
 .rodata.startup_scale
                0x000000009d00ef30        0x4 build/default/production/_ext/1360937237/app.o